#0 building with "desktop-linux" instance using docker driver

#1 [internal] load build definition from Dockerfile
#1 transferring dockerfile:
#1 transferring dockerfile: 616B 0.0s done
#1 DONE 0.2s

#2 [internal] load metadata for mcr.microsoft.com/dotnet/aspnet:10.0
#2 DONE 0.9s

#3 [internal] load metadata for mcr.microsoft.com/dotnet/sdk:10.0
#3 DONE 1.0s

#4 [internal] load .dockerignore
#4 transferring context:
#4 transferring context: 2B 0.0s done
#4 DONE 0.2s

#5 [internal] load build context
#5 DONE 0.0s

#6 [build 1/5] FROM mcr.microsoft.com/dotnet/sdk:10.0@sha256:f061e5a7532b36fa1d1b684857fe1f504ba92115b9934f154643266613c44c62
#6 resolve mcr.microsoft.com/dotnet/sdk:10.0@sha256:f061e5a7532b36fa1d1b684857fe1f504ba92115b9934f154643266613c44c62 0.1s done
#6 DONE 1.6s

#5 [internal] load build context
#5 transferring context: 16.42MB 4.9s
#5 ...

#7 [runtime 1/4] FROM mcr.microsoft.com/dotnet/aspnet:10.0@sha256:ccdca44cd4f256d50187f920dc8ccc2a9ea7a8a4597ac1d51e08fddb2e3b3205
#7 resolve mcr.microsoft.com/dotnet/aspnet:10.0@sha256:ccdca44cd4f256d50187f920dc8ccc2a9ea7a8a4597ac1d51e08fddb2e3b3205 0.1s done
#7 sha256:cebb22d68d9f7de5d3a501df45d255f1b5f1af8973c2c3114ce794abd39a3c45 16.82MB / 16.82MB 4.3s done
#7 sha256:9e856958c12dd8bcd25042783e7b20e2ffb94b7537fd8141bba860eb82611bcf 24.12MB / 36.66MB 5.7s
#7 sha256:0188898612e45199d3d4cbeae9b0099269fc9ea137c6d53b4df8253d4c67af5a 12.77MB / 12.77MB 2.8s done
#7 sha256:66f77df619e9d2603caf17c260d30c5dbdcc25bec71afeb49bdb8943aff56347 3.57kB / 3.57kB 0.2s done
#7 sha256:c843f549215abdd3ae41822687e307795448a8160687d131a48a8e0c0bc09779 153B / 153B 0.2s done
#7 sha256:689b91d88a0f4086057ec826027b128902ecf2b516be510371c115bc55da19a6 18.87MB / 29.73MB 5.1s
#7 ...

#5 [internal] load build context
#5 transferring context: 32.57MB 9.9s
#5 ...

#7 [runtime 1/4] FROM mcr.microsoft.com/dotnet/aspnet:10.0@sha256:ccdca44cd4f256d50187f920dc8ccc2a9ea7a8a4597ac1d51e08fddb2e3b3205
#7 sha256:9e856958c12dd8bcd25042783e7b20e2ffb94b7537fd8141bba860eb82611bcf 36.66MB / 36.66MB 9.3s done
#7 sha256:689b91d88a0f4086057ec826027b128902ecf2b516be510371c115bc55da19a6 29.73MB / 29.73MB 8.9s done
#7 DONE 10.7s

#5 [internal] load build context
#5 ...

#6 [build 1/5] FROM mcr.microsoft.com/dotnet/sdk:10.0@sha256:f061e5a7532b36fa1d1b684857fe1f504ba92115b9934f154643266613c44c62
#6 sha256:699f253b0f48345feed00b4c3a110b5c8e51b0dc2acd918f1e9d11516218d0bc 17.60MB / 17.60MB 6.0s done
#6 sha256:aafefd2e136121f56af6253a3d185f26aca8c359cc737538286a962beb1c3c55 498B / 498B 0.2s done
#6 sha256:75124e84da2dee7ba26cc1f748493e2a2c7e7e92d91fcef0d620b27ef3214ee7 22.02MB / 191.46MB 6.0s
#6 sha256:cea7c37be9d599278f3447b4544329076f5f9a827869b826f74b0e1a90cb1dda 6.29MB / 23.81MB 1.5s
#6 ...

#5 [internal] load build context
#5 transferring context: 52.77MB 14.9s
#5 ...

#7 [runtime 1/4] FROM mcr.microsoft.com/dotnet/aspnet:10.0@sha256:ccdca44cd4f256d50187f920dc8ccc2a9ea7a8a4597ac1d51e08fddb2e3b3205
#7 extracting sha256:689b91d88a0f4086057ec826027b128902ecf2b516be510371c115bc55da19a6 4.1s done
#7 extracting sha256:cebb22d68d9f7de5d3a501df45d255f1b5f1af8973c2c3114ce794abd39a3c45 1.9s done
#7 DONE 16.7s

#5 [internal] load build context
#5 ...

#7 [runtime 1/4] FROM mcr.microsoft.com/dotnet/aspnet:10.0@sha256:ccdca44cd4f256d50187f920dc8ccc2a9ea7a8a4597ac1d51e08fddb2e3b3205
#7 extracting sha256:66f77df619e9d2603caf17c260d30c5dbdcc25bec71afeb49bdb8943aff56347 0.1s done
#7 extracting sha256:9e856958c12dd8bcd25042783e7b20e2ffb94b7537fd8141bba860eb82611bcf 1.5s done
#7 extracting sha256:c843f549215abdd3ae41822687e307795448a8160687d131a48a8e0c0bc09779 0.1s done
#7 extracting sha256:0188898612e45199d3d4cbeae9b0099269fc9ea137c6d53b4df8253d4c67af5a 0.6s done
#7 DONE 19.0s

#5 [internal] load build context
#5 transferring context: 97.85MB 19.9s
#5 ...

#6 [build 1/5] FROM mcr.microsoft.com/dotnet/sdk:10.0@sha256:f061e5a7532b36fa1d1b684857fe1f504ba92115b9934f154643266613c44c62
#6 sha256:75124e84da2dee7ba26cc1f748493e2a2c7e7e92d91fcef0d620b27ef3214ee7 52.43MB / 191.46MB 16.0s
#6 sha256:cea7c37be9d599278f3447b4544329076f5f9a827869b826f74b0e1a90cb1dda 23.81MB / 23.81MB 5.7s done
#6 extracting sha256:cea7c37be9d599278f3447b4544329076f5f9a827869b826f74b0e1a90cb1dda
#6 ...

#5 [internal] load build context
#5 transferring context: 120.16MB 25.0s
#5 ...

#8 [runtime 2/4] RUN apt-get update && apt-get install -y --no-install-recommends ffmpeg && rm -rf /var/lib/apt/lists/*
#8 1.644 Get:1 http://security.ubuntu.com/ubuntu noble-security InRelease [126 kB]
#8 1.824 Get:2 http://archive.ubuntu.com/ubuntu noble InRelease [256 kB]
#8 1.952 Get:3 http://security.ubuntu.com/ubuntu noble-security/restricted amd64 Packages [3499 kB]
#8 2.445 Get:4 http://archive.ubuntu.com/ubuntu noble-updates InRelease [126 kB]
#8 2.617 Get:5 http://archive.ubuntu.com/ubuntu noble-backports InRelease [126 kB]
#8 2.790 Get:6 http://security.ubuntu.com/ubuntu noble-security/multiverse amd64 Packages [34.8 kB]
#8 2.804 Get:7 http://security.ubuntu.com/ubuntu noble-security/main amd64 Packages [1985 kB]
#8 2.845 Get:8 http://archive.ubuntu.com/ubuntu noble/restricted amd64 Packages [117 kB]
#8 2.914 Get:9 http://archive.ubuntu.com/ubuntu noble/universe amd64 Packages [19.3 MB]
#8 3.416 Get:10 http://security.ubuntu.com/ubuntu noble-security/universe amd64 Packages [1504 kB]
#8 7.571 Get:11 http://archive.ubuntu.com/ubuntu noble/main amd64 Packages [1808 kB]
#8 7.998 Get:12 http://archive.ubuntu.com/ubuntu noble/multiverse amd64 Packages [331 kB]
#8 8.050 Get:13 http://archive.ubuntu.com/ubuntu noble-updates/main amd64 Packages [2369 kB]
#8 8.475 Get:14 http://archive.ubuntu.com/ubuntu noble-updates/multiverse amd64 Packages [38.1 kB]
#8 8.482 Get:15 http://archive.ubuntu.com/ubuntu noble-updates/restricted amd64 Packages [3669 kB]
#8 9.114 Get:16 http://archive.ubuntu.com/ubuntu noble-updates/universe amd64 Packages [2152 kB]
#8 9.704 Get:17 http://archive.ubuntu.com/ubuntu noble-backports/universe amd64 Packages [36.1 kB]
#8 9.951 Get:18 http://archive.ubuntu.com/ubuntu noble-backports/main amd64 Packages [49.5 kB]
#8 10.06 Get:19 http://archive.ubuntu.com/ubuntu noble-backports/multiverse amd64 Packages [695 B]
#8 ...

#5 [internal] load build context
#5 transferring context: 150.00MB 30.1s
#5 ...

#6 [build 1/5] FROM mcr.microsoft.com/dotnet/sdk:10.0@sha256:f061e5a7532b36fa1d1b684857fe1f504ba92115b9934f154643266613c44c62
#6 sha256:75124e84da2dee7ba26cc1f748493e2a2c7e7e92d91fcef0d620b27ef3214ee7 113.25MB / 191.46MB 26.4s
#6 extracting sha256:cea7c37be9d599278f3447b4544329076f5f9a827869b826f74b0e1a90cb1dda 3.4s done
#6 ...

#5 [internal] load build context
#5 transferring context: 192.33MB 35.1s
#5 transferring context: 236.56MB 40.2s
#5 ...

#8 [runtime 2/4] RUN apt-get update && apt-get install -y --no-install-recommends ffmpeg && rm -rf /var/lib/apt/lists/*
#8 11.17 Fetched 37.5 MB in 10s (3897 kB/s)
#8 11.17 Reading package lists...
#8 15.30 Reading package lists...
#8 19.76 Building dependency tree...
#8 20.63 Reading state information...
#8 ...

#5 [internal] load build context
#5 ...

#6 [build 1/5] FROM mcr.microsoft.com/dotnet/sdk:10.0@sha256:f061e5a7532b36fa1d1b684857fe1f504ba92115b9934f154643266613c44c62
#6 sha256:75124e84da2dee7ba26cc1f748493e2a2c7e7e92d91fcef0d620b27ef3214ee7 191.46MB / 191.46MB 36.1s done
#6 DONE 41.9s

#5 [internal] load build context
#5 transferring context: 280.34MB 45.2s
#5 transferring context: 298.70MB 50.3s
#5 ...

#8 [runtime 2/4] RUN apt-get update && apt-get install -y --no-install-recommends ffmpeg && rm -rf /var/lib/apt/lists/*
#8 22.06 The following additional packages will be installed:
#8 22.06   fontconfig fontconfig-config fonts-dejavu-core fonts-dejavu-mono libaom3
#8 22.06   libapparmor1 libasound2-data libasound2t64 libass9 libasyncns0 libavc1394-0
#8 22.06   libavcodec60 libavdevice60 libavfilter9 libavformat60 libavutil58 libblas3
#8 22.06   libbluray2 libbrotli1 libbs2b0 libbsd0 libcaca0 libcairo-gobject2 libcairo2
#8 22.06   libcdio-cdda2t64 libcdio-paranoia2t64 libcdio19t64 libchromaprint1 libcjson1
#8 22.06   libcodec2-1.2 libdatrie1 libdav1d7 libdbus-1-3 libdc1394-25 libdecor-0-0
#8 22.06   libdeflate0 libdrm-amdgpu1 libdrm-common libdrm-intel1 libdrm2 libedit2
#8 22.06   libelf1t64 libexpat1 libfftw3-double3 libflac12t64 libflite1 libfontconfig1
#8 22.06   libfreetype6 libfribidi0 libgbm1 libgdk-pixbuf-2.0-0 libgdk-pixbuf2.0-common
#8 22.06   libgfortran5 libgl1 libgl1-mesa-dri libglib2.0-0t64 libglvnd0 libglx-mesa0
#8 22.06   libglx0 libgme0 libgomp1 libgraphite2-3 libgsm1 libgssapi-krb5-2
#8 22.06   libharfbuzz0b libhwy1t64 libiec61883-0 libjack-jackd2-0 libjbig0
#8 22.06   libjpeg-turbo8 libjpeg8 libjxl0.7 libk5crypto3 libkeyutils1 libkrb5-3
#8 22.06   libkrb5support0 liblapack3 liblcms2-2 liblerc4 liblilv-0-0 libllvm20
#8 22.06   libmbedcrypto7t64 libmp3lame0 libmpg123-0t64 libmysofa1 libnorm1t64 libnuma1
#8 22.06   libogg0 libopenal-data libopenal1 libopenjp2-7 libopenmpt0t64 libopus0
#8 22.06   libpango-1.0-0 libpangocairo-1.0-0 libpangoft2-1.0-0 libpciaccess0
#8 22.06   libpgm-5.3-0t64 libpixman-1-0 libplacebo338 libpng16-16t64 libpocketsphinx3
#8 22.06   libpostproc57 libpulse0 librabbitmq4 librav1e0 libraw1394-11 librist4
#8 22.06   librsvg2-2 librubberband2 libsamplerate0 libsdl2-2.0-0 libsensors-config
#8 22.06   libsensors5 libserd-0-0 libsharpyuv0 libshine3 libslang2 libsnappy1v5
#8 22.06   libsndfile1 libsndio7.0 libsodium23 libsord-0-0 libsoxr0 libspeex1
#8 22.06   libsphinxbase3t64 libsratom-0-0 libsrt1.5-gnutls libssh-gcrypt-4
#8 22.06   libsvtav1enc1d1 libswresample4 libswscale7 libthai-data libthai0 libtheora0
#8 22.06   libtiff6 libtwolame0 libudfread0 libunibreak5 libusb-1.0-0 libva-drm2
#8 22.06   libva-x11-2 libva2 libvdpau1 libvidstab1.1 libvorbis0a libvorbisenc2
#8 22.06   libvorbisfile3 libvpl2 libvpx9 libvulkan1 libwayland-client0
#8 22.06   libwayland-cursor0 libwayland-egl1 libwebp7 libwebpmux3 libx11-6 libx11-data
#8 22.06   libx11-xcb1 libx264-164 libx265-199 libxau6 libxcb-dri3-0 libxcb-glx0
#8 22.06   libxcb-present0 libxcb-randr0 libxcb-render0 libxcb-shape0 libxcb-shm0
#8 22.06   libxcb-sync1 libxcb-xfixes0 libxcb1 libxcursor1 libxdmcp6 libxext6
#8 22.06   libxfixes3 libxi6 libxkbcommon0 libxml2 libxrandr2 libxrender1 libxshmfence1
#8 22.07   libxss1 libxv1 libxvidcore4 libxxf86vm1 libzimg2 libzix-0-0 libzmq5
#8 22.07   libzvbi-common libzvbi0t64 mesa-libgallium ocl-icd-libopencl1
#8 22.07   shared-mime-info x11-common xkb-data
#8 22.07 Suggested packages:
#8 22.07   ffmpeg-doc alsa-utils libasound2-plugins libcuda1 libnvcuvid1
#8 22.07   libnvidia-encode1 libbluray-bdj libfftw3-bin libfftw3-dev low-memory-monitor
#8 22.07   krb5-doc krb5-user jackd2 liblcms2-utils libportaudio2 opus-tools pciutils
#8 22.07   pulseaudio libraw1394-doc librsvg2-bin xdg-utils lm-sensors serdi sndiod
#8 22.07   sordi speex opencl-icd
#8 22.07 Recommended packages:
#8 22.07   alsa-ucm-conf alsa-topology-conf libaacs0 dbus default-libdecor-0-plugin-1
#8 22.07   | libdecor-0-plugin-1 libgdk-pixbuf2.0-bin libglib2.0-data xdg-user-dirs
#8 22.07   krb5-locales pocketsphinx-en-us librsvg2-common va-driver-all | va-driver
#8 22.07   vdpau-driver-all | vdpau-driver mesa-vulkan-drivers | vulkan-icd
#8 23.37 The following NEW packages will be installed:
#8 23.37   ffmpeg fontconfig fontconfig-config fonts-dejavu-core fonts-dejavu-mono
#8 23.37   libaom3 libapparmor1 libasound2-data libasound2t64 libass9 libasyncns0
#8 23.37   libavc1394-0 libavcodec60 libavdevice60 libavfilter9 libavformat60
#8 23.37   libavutil58 libblas3 libbluray2 libbrotli1 libbs2b0 libbsd0 libcaca0
#8 23.37   libcairo-gobject2 libcairo2 libcdio-cdda2t64 libcdio-paranoia2t64
#8 23.37   libcdio19t64 libchromaprint1 libcjson1 libcodec2-1.2 libdatrie1 libdav1d7
#8 23.37   libdbus-1-3 libdc1394-25 libdecor-0-0 libdeflate0 libdrm-amdgpu1
#8 23.37   libdrm-common libdrm-intel1 libdrm2 libedit2 libelf1t64 libexpat1
#8 23.37   libfftw3-double3 libflac12t64 libflite1 libfontconfig1 libfreetype6
#8 23.37   libfribidi0 libgbm1 libgdk-pixbuf-2.0-0 libgdk-pixbuf2.0-common libgfortran5
#8 23.37   libgl1 libgl1-mesa-dri libglib2.0-0t64 libglvnd0 libglx-mesa0 libglx0
#8 23.37   libgme0 libgomp1 libgraphite2-3 libgsm1 libgssapi-krb5-2 libharfbuzz0b
#8 23.37   libhwy1t64 libiec61883-0 libjack-jackd2-0 libjbig0 libjpeg-turbo8 libjpeg8
#8 23.37   libjxl0.7 libk5crypto3 libkeyutils1 libkrb5-3 libkrb5support0 liblapack3
#8 23.37   liblcms2-2 liblerc4 liblilv-0-0 libllvm20 libmbedcrypto7t64 libmp3lame0
#8 23.37   libmpg123-0t64 libmysofa1 libnorm1t64 libnuma1 libogg0 libopenal-data
#8 23.37   libopenal1 libopenjp2-7 libopenmpt0t64 libopus0 libpango-1.0-0
#8 23.37   libpangocairo-1.0-0 libpangoft2-1.0-0 libpciaccess0 libpgm-5.3-0t64
#8 23.37   libpixman-1-0 libplacebo338 libpng16-16t64 libpocketsphinx3 libpostproc57
#8 23.37   libpulse0 librabbitmq4 librav1e0 libraw1394-11 librist4 librsvg2-2
#8 23.37   librubberband2 libsamplerate0 libsdl2-2.0-0 libsensors-config libsensors5
#8 23.37   libserd-0-0 libsharpyuv0 libshine3 libslang2 libsnappy1v5 libsndfile1
#8 23.37   libsndio7.0 libsodium23 libsord-0-0 libsoxr0 libspeex1 libsphinxbase3t64
#8 23.37   libsratom-0-0 libsrt1.5-gnutls libssh-gcrypt-4 libsvtav1enc1d1
#8 23.37   libswresample4 libswscale7 libthai-data libthai0 libtheora0 libtiff6
#8 23.37   libtwolame0 libudfread0 libunibreak5 libusb-1.0-0 libva-drm2 libva-x11-2
#8 23.37   libva2 libvdpau1 libvidstab1.1 libvorbis0a libvorbisenc2 libvorbisfile3
#8 23.37   libvpl2 libvpx9 libvulkan1 libwayland-client0 libwayland-cursor0
#8 23.37   libwayland-egl1 libwebp7 libwebpmux3 libx11-6 libx11-data libx11-xcb1
#8 23.37   libx264-164 libx265-199 libxau6 libxcb-dri3-0 libxcb-glx0 libxcb-present0
#8 23.37   libxcb-randr0 libxcb-render0 libxcb-shape0 libxcb-shm0 libxcb-sync1
#8 23.37   libxcb-xfixes0 libxcb1 libxcursor1 libxdmcp6 libxext6 libxfixes3 libxi6
#8 23.37   libxkbcommon0 libxml2 libxrandr2 libxrender1 libxshmfence1 libxss1 libxv1
#8 23.37   libxvidcore4 libxxf86vm1 libzimg2 libzix-0-0 libzmq5 libzvbi-common
#8 23.37   libzvbi0t64 mesa-libgallium ocl-icd-libopencl1 shared-mime-info x11-common
#8 23.37   xkb-data
#8 23.72 0 upgraded, 197 newly installed, 0 to remove and 0 not upgraded.
#8 23.72 Need to get 122 MB of archives.
#8 23.72 After this operation, 420 MB of additional disk space will be used.
#8 23.72 Get:1 http://archive.ubuntu.com/ubuntu noble-updates/main amd64 libapparmor1 amd64 4.0.1really4.0.1-0ubuntu0.24.04.5 [50.5 kB]
#8 24.03 Get:2 http://archive.ubuntu.com/ubuntu noble-updates/main amd64 libbsd0 amd64 0.12.1-1build1.1 [41.2 kB]
#8 24.07 Get:3 http://archive.ubuntu.com/ubuntu noble-updates/main amd64 libdbus-1-3 amd64 1.14.10-4ubuntu4.1 [210 kB]
#8 24.30 Get:4 http://archive.ubuntu.com/ubuntu noble-updates/main amd64 libelf1t64 amd64 0.190-1.1ubuntu0.1 [57.8 kB]
#8 24.35 Get:5 http://archive.ubuntu.com/ubuntu noble-updates/main amd64 libexpat1 amd64 2.6.1-2ubuntu0.4 [88.2 kB]
#8 24.38 Get:6 http://archive.ubuntu.com/ubuntu noble/main amd64 libfribidi0 amd64 1.0.13-3build1 [26.1 kB]
#8 24.38 Get:7 http://archive.ubuntu.com/ubuntu noble-updates/main amd64 libglib2.0-0t64 amd64 2.80.0-6ubuntu3.8 [1545 kB]
#8 24.73 Get:8 http://archive.ubuntu.com/ubuntu noble-updates/main amd64 libkrb5support0 amd64 1.20.1-6ubuntu2.6 [34.4 kB]
#8 24.74 Get:9 http://archive.ubuntu.com/ubuntu noble-updates/main amd64 libk5crypto3 amd64 1.20.1-6ubuntu2.6 [82.0 kB]
#8 24.75 Get:10 http://archive.ubuntu.com/ubuntu noble/main amd64 libkeyutils1 amd64 1.6.3-3build1 [9490 B]
#8 24.76 Get:11 http://archive.ubuntu.com/ubuntu noble-updates/main amd64 libkrb5-3 amd64 1.20.1-6ubuntu2.6 [348 kB]
#8 24.83 Get:12 http://archive.ubuntu.com/ubuntu noble-updates/main amd64 libgssapi-krb5-2 amd64 1.20.1-6ubuntu2.6 [143 kB]
#8 24.86 Get:13 http://archive.ubuntu.com/ubuntu noble/main amd64 libslang2 amd64 2.3.3-3build2 [506 kB]
#8 24.94 Get:14 http://archive.ubuntu.com/ubuntu noble-updates/main amd64 libxml2 amd64 2.9.14+dfsg-1.3ubuntu3.7 [764 kB]
#8 25.09 Get:15 http://archive.ubuntu.com/ubuntu noble/main amd64 shared-mime-info amd64 2.4-4 [474 kB]
#8 25.16 Get:16 http://archive.ubuntu.com/ubuntu noble-updates/main amd64 xkb-data all 2.41-2ubuntu1.1 [397 kB]
#8 25.21 Get:17 http://archive.ubuntu.com/ubuntu noble-updates/main amd64 libdrm-common all 2.4.125-1ubuntu0.1~24.04.1 [9174 B]
#8 25.21 Get:18 http://archive.ubuntu.com/ubuntu noble-updates/main amd64 libdrm2 amd64 2.4.125-1ubuntu0.1~24.04.1 [41.3 kB]
#8 25.22 Get:19 http://archive.ubuntu.com/ubuntu noble/main amd64 libedit2 amd64 3.1-20230828-1build1 [97.6 kB]
#8 25.23 Get:20 http://archive.ubuntu.com/ubuntu noble-updates/main amd64 libnuma1 amd64 2.0.18-1ubuntu0.24.04.1 [23.4 kB]
#8 25.24 Get:21 http://archive.ubuntu.com/ubuntu noble-updates/main amd64 libpng16-16t64 amd64 1.6.43-5ubuntu0.5 [188 kB]
#8 25.26 Get:22 http://archive.ubuntu.com/ubuntu noble/main amd64 libsensors-config all 1:3.6.0-9build1 [5546 B]
#8 25.26 Get:23 http://archive.ubuntu.com/ubuntu noble/main amd64 libsensors5 amd64 1:3.6.0-9build1 [26.6 kB]
#8 25.26 Get:24 http://archive.ubuntu.com/ubuntu noble/main amd64 libusb-1.0-0 amd64 2:1.0.27-1 [54.0 kB]
#8 25.27 Get:25 http://archive.ubuntu.com/ubuntu noble/main amd64 libxau6 amd64 1:1.0.9-1build6 [7160 B]
#8 25.31 Get:26 http://archive.ubuntu.com/ubuntu noble/main amd64 libxdmcp6 amd64 1:1.1.3-0ubuntu6 [10.3 kB]
#8 25.31 Get:27 http://archive.ubuntu.com/ubuntu noble/main amd64 libxcb1 amd64 1.15-1ubuntu2 [47.7 kB]
#8 25.33 Get:28 http://archive.ubuntu.com/ubuntu noble/main amd64 libx11-data all 2:1.8.7-1build1 [115 kB]
#8 25.34 Get:29 http://archive.ubuntu.com/ubuntu noble/main amd64 libx11-6 amd64 2:1.8.7-1build1 [650 kB]
#8 25.44 Get:30 http://archive.ubuntu.com/ubuntu noble/main amd64 libxext6 amd64 2:1.3.4-1build2 [30.4 kB]
#8 25.45 Get:31 http://archive.ubuntu.com/ubuntu noble/main amd64 libxkbcommon0 amd64 1.6.0-1build1 [122 kB]
#8 25.48 Get:32 http://archive.ubuntu.com/ubuntu noble-updates/main amd64 libaom3 amd64 3.8.2-2ubuntu0.1 [1941 kB]
#8 25.77 Get:33 http://archive.ubuntu.com/ubuntu noble-updates/universe amd64 libva2 amd64 2.20.0-2ubuntu0.1 [66.3 kB]
#8 25.80 Get:34 http://archive.ubuntu.com/ubuntu noble-updates/universe amd64 libva-drm2 amd64 2.20.0-2ubuntu0.1 [7132 B]
#8 25.80 Get:35 http://archive.ubuntu.com/ubuntu noble/main amd64 libx11-xcb1 amd64 2:1.8.7-1build1 [7800 B]
#8 25.80 Get:36 http://archive.ubuntu.com/ubuntu noble/main amd64 libxcb-dri3-0 amd64 1.15-1ubuntu2 [7142 B]
#8 25.80 Get:37 http://archive.ubuntu.com/ubuntu noble/main amd64 libxfixes3 amd64 1:6.0.0-2build1 [10.8 kB]
#8 25.80 Get:38 http://archive.ubuntu.com/ubuntu noble-updates/universe amd64 libva-x11-2 amd64 2.20.0-2ubuntu0.1 [12.0 kB]
#8 25.80 Get:39 http://archive.ubuntu.com/ubuntu noble/main amd64 libvdpau1 amd64 1.5-2build1 [27.8 kB]
#8 25.81 Get:40 http://archive.ubuntu.com/ubuntu noble-updates/main amd64 libpciaccess0 amd64 0.17-3ubuntu0.24.04.2 [18.9 kB]
#8 25.81 Get:41 http://archive.ubuntu.com/ubuntu noble-updates/main amd64 libdrm-intel1 amd64 2.4.125-1ubuntu0.1~24.04.1 [63.8 kB]
#8 25.87 Get:42 http://archive.ubuntu.com/ubuntu noble/main amd64 libwayland-client0 amd64 1.22.0-2.1build1 [26.4 kB]
#8 25.89 Get:43 http://archive.ubuntu.com/ubuntu noble/universe amd64 libvpl2 amd64 2023.3.0-1build1 [99.8 kB]
#8 25.91 Get:44 http://archive.ubuntu.com/ubuntu noble/universe amd64 ocl-icd-libopencl1 amd64 2.3.2-1build1 [38.5 kB]
#8 25.92 Get:45 http://archive.ubuntu.com/ubuntu noble/universe amd64 libavutil58 amd64 7:6.1.1-3ubuntu5 [401 kB]
#8 25.99 Get:46 http://archive.ubuntu.com/ubuntu noble/main amd64 libbrotli1 amd64 1.1.0-2build2 [331 kB]
#8 26.08 Get:47 http://archive.ubuntu.com/ubuntu noble-updates/main amd64 libfreetype6 amd64 2.13.2+dfsg-1ubuntu0.1 [402 kB]
#8 26.13 Get:48 http://archive.ubuntu.com/ubuntu noble/main amd64 fonts-dejavu-mono all 2.37-8 [502 kB]
#8 26.23 Get:49 http://archive.ubuntu.com/ubuntu noble/main amd64 fonts-dejavu-core all 2.37-8 [835 kB]
#8 26.39 Get:50 http://archive.ubuntu.com/ubuntu noble/main amd64 fontconfig-config amd64 2.15.0-1.1ubuntu2 [37.3 kB]
#8 26.39 Get:51 http://archive.ubuntu.com/ubuntu noble/main amd64 libfontconfig1 amd64 2.15.0-1.1ubuntu2 [139 kB]
#8 26.42 Get:52 http://archive.ubuntu.com/ubuntu noble/main amd64 libpixman-1-0 amd64 0.42.2-1build1 [279 kB]
#8 26.49 Get:53 http://archive.ubuntu.com/ubuntu noble/main amd64 libxcb-render0 amd64 1.15-1ubuntu2 [16.2 kB]
#8 26.49 Get:54 http://archive.ubuntu.com/ubuntu noble/main amd64 libxcb-shm0 amd64 1.15-1ubuntu2 [5756 B]
#8 26.49 Get:55 http://archive.ubuntu.com/ubuntu noble/main amd64 libxrender1 amd64 1:0.9.10-1.1build1 [19.0 kB]
#8 26.49 Get:56 http://archive.ubuntu.com/ubuntu noble/main amd64 libcairo2 amd64 1.18.0-3build1 [566 kB]
#8 26.56 Get:57 http://archive.ubuntu.com/ubuntu noble/universe amd64 libcodec2-1.2 amd64 1.2.0-2build1 [8998 kB]
#8 28.95 Get:58 http://archive.ubuntu.com/ubuntu noble/universe amd64 libdav1d7 amd64 1.4.1-1build1 [604 kB]
#8 29.09 Get:59 http://archive.ubuntu.com/ubuntu noble/universe amd64 libgsm1 amd64 1.0.22-1build1 [27.8 kB]
#8 29.10 Get:60 http://archive.ubuntu.com/ubuntu noble/universe amd64 libhwy1t64 amd64 1.0.7-8.1build1 [584 kB]
#8 29.52 Get:61 http://archive.ubuntu.com/ubuntu noble/main amd64 liblcms2-2 amd64 2.14-2build1 [161 kB]
#8 29.58 Get:62 http://archive.ubuntu.com/ubuntu noble-updates/universe amd64 libjxl0.7 amd64 0.7.0-10.2ubuntu6.1 [1001 kB]
#8 30.04 Get:63 http://archive.ubuntu.com/ubuntu noble/main amd64 libmp3lame0 amd64 3.100-6build1 [142 kB]
#8 30.08 Get:64 http://archive.ubuntu.com/ubuntu noble-updates/main amd64 libopenjp2-7 amd64 2.5.0-2ubuntu0.4 [173 kB]
#8 30.13 Get:65 http://archive.ubuntu.com/ubuntu noble/main amd64 libopus0 amd64 1.4-1build1 [208 kB]
#8 30.22 Get:66 http://archive.ubuntu.com/ubuntu noble/universe amd64 librav1e0 amd64 0.7.1-2 [1022 kB]
#8 30.58 Get:67 http://archive.ubuntu.com/ubuntu noble/main amd64 libcairo-gobject2 amd64 1.18.0-3build1 [127 kB]
#8 30.62 Get:68 http://archive.ubuntu.com/ubuntu noble-updates/main amd64 libgdk-pixbuf2.0-common all 2.42.10+dfsg-3ubuntu3.2 [8192 B]
#8 30.62 Get:69 http://archive.ubuntu.com/ubuntu noble/main amd64 libjpeg-turbo8 amd64 2.1.5-2ubuntu2 [150 kB]
#8 30.65 Get:70 http://archive.ubuntu.com/ubuntu noble/main amd64 libjpeg8 amd64 8c-2ubuntu11 [2148 B]
#8 30.65 Get:71 http://archive.ubuntu.com/ubuntu noble-updates/main amd64 libdeflate0 amd64 1.19-1build1.1 [43.9 kB]
#8 30.68 Get:72 http://archive.ubuntu.com/ubuntu noble/main amd64 libjbig0 amd64 2.1-6.1ubuntu2 [29.7 kB]
#8 30.69 Get:73 http://archive.ubuntu.com/ubuntu noble/main amd64 liblerc4 amd64 4.0.0+ds-4ubuntu2 [179 kB]
#8 30.76 Get:74 http://archive.ubuntu.com/ubuntu noble/main amd64 libsharpyuv0 amd64 1.3.2-0.4build3 [15.8 kB]
#8 30.76 Get:75 http://archive.ubuntu.com/ubuntu noble/main amd64 libwebp7 amd64 1.3.2-0.4build3 [230 kB]
#8 30.83 Get:76 http://archive.ubuntu.com/ubuntu noble-updates/main amd64 libtiff6 amd64 4.5.1+git230720-4ubuntu2.5 [200 kB]
#8 30.86 Get:77 http://archive.ubuntu.com/ubuntu noble-updates/main amd64 libgdk-pixbuf-2.0-0 amd64 2.42.10+dfsg-3ubuntu3.2 [147 kB]
#8 30.88 Get:78 http://archive.ubuntu.com/ubuntu noble/main amd64 fontconfig amd64 2.15.0-1.1ubuntu2 [180 kB]
#8 30.91 Get:79 http://archive.ubuntu.com/ubuntu noble/main amd64 libgraphite2-3 amd64 1.3.14-2build1 [73.0 kB]
#8 30.92 Get:80 http://archive.ubuntu.com/ubuntu noble/main amd64 libharfbuzz0b amd64 8.3.0-2build2 [469 kB]
#8 31.04 Get:81 http://archive.ubuntu.com/ubuntu noble/main amd64 libthai-data all 0.1.29-2build1 [158 kB]
#8 31.14 Get:82 http://archive.ubuntu.com/ubuntu noble/main amd64 libdatrie1 amd64 0.2.13-3build1 [19.0 kB]
#8 31.15 Get:83 http://archive.ubuntu.com/ubuntu noble/main amd64 libthai0 amd64 0.1.29-2build1 [18.9 kB]
#8 31.16 Get:84 http://archive.ubuntu.com/ubuntu noble/main amd64 libpango-1.0-0 amd64 1.52.1+ds-1build1 [231 kB]
#8 31.25 Get:85 http://archive.ubuntu.com/ubuntu noble/main amd64 libpangoft2-1.0-0 amd64 1.52.1+ds-1build1 [42.5 kB]
#8 31.26 Get:86 http://archive.ubuntu.com/ubuntu noble/main amd64 libpangocairo-1.0-0 amd64 1.52.1+ds-1build1 [28.8 kB]
#8 31.26 Get:87 http://archive.ubuntu.com/ubuntu noble/main amd64 librsvg2-2 amd64 2.58.0+dfsg-1build1 [2135 kB]
#8 31.66 Get:88 http://archive.ubuntu.com/ubuntu noble/universe amd64 libshine3 amd64 3.1.1-2build1 [23.2 kB]
#8 31.67 Get:89 http://archive.ubuntu.com/ubuntu noble/main amd64 libsnappy1v5 amd64 1.1.10-1build1 [28.6 kB]
#8 31.67 Get:90 http://archive.ubuntu.com/ubuntu noble-updates/main amd64 libspeex1 amd64 1.2.1-2ubuntu2.24.04.1 [59.6 kB]
#8 31.68 Get:91 http://archive.ubuntu.com/ubuntu noble/universe amd64 libsvtav1enc1d1 amd64 1.7.0+dfsg-2build1 [2425 kB]
#8 32.14 Get:92 http://archive.ubuntu.com/ubuntu noble-updates/main amd64 libgomp1 amd64 14.2.0-4ubuntu2~24.04.1 [148 kB]
#8 32.18 Get:93 http://archive.ubuntu.com/ubuntu noble/universe amd64 libsoxr0 amd64 0.1.3-4build3 [80.0 kB]
#8 32.19 Get:94 http://archive.ubuntu.com/ubuntu noble/universe amd64 libswresample4 amd64 7:6.1.1-3ubuntu5 [63.8 kB]
#8 32.21 Get:95 http://archive.ubuntu.com/ubuntu noble/main amd64 libogg0 amd64 1.3.5-3build1 [22.7 kB]
#8 32.21 Get:96 http://archive.ubuntu.com/ubuntu noble/main amd64 libtheora0 amd64 1.1.1+dfsg.1-16.1build3 [211 kB]
#8 32.27 Get:97 http://archive.ubuntu.com/ubuntu noble/main amd64 libtwolame0 amd64 0.4.0-2build3 [52.3 kB]
#8 32.30 Get:98 http://archive.ubuntu.com/ubuntu noble/main amd64 libvorbis0a amd64 1.3.7-1build3 [97.6 kB]
#8 32.31 Get:99 http://archive.ubuntu.com/ubuntu noble/main amd64 libvorbisenc2 amd64 1.3.7-1build3 [80.8 kB]
#8 ...

#5 [internal] load build context
#5 ...

#6 [build 1/5] FROM mcr.microsoft.com/dotnet/sdk:10.0@sha256:f061e5a7532b36fa1d1b684857fe1f504ba92115b9934f154643266613c44c62
#6 extracting sha256:75124e84da2dee7ba26cc1f748493e2a2c7e7e92d91fcef0d620b27ef3214ee7
#6 ...

#5 [internal] load build context
#5 transferring context: 328.39MB 55.4s
#5 ...

#6 [build 1/5] FROM mcr.microsoft.com/dotnet/sdk:10.0@sha256:f061e5a7532b36fa1d1b684857fe1f504ba92115b9934f154643266613c44c62
#6 extracting sha256:75124e84da2dee7ba26cc1f748493e2a2c7e7e92d91fcef0d620b27ef3214ee7 16.0s done
#6 DONE 57.9s

#8 [runtime 2/4] RUN apt-get update && apt-get install -y --no-install-recommends ffmpeg && rm -rf /var/lib/apt/lists/*
#8 32.32 Get:100 http://archive.ubuntu.com/ubuntu noble-updates/main amd64 libvpx9 amd64 1.14.0-1ubuntu2.3 [1143 kB]
#8 32.58 Get:101 http://archive.ubuntu.com/ubuntu noble/main amd64 libwebpmux3 amd64 1.3.2-0.4build3 [25.7 kB]
#8 32.81 Get:102 http://archive.ubuntu.com/ubuntu noble/universe amd64 libx264-164 amd64 2:0.164.3108+git31e19f9-1 [604 kB]
#8 33.58 Get:103 http://archive.ubuntu.com/ubuntu noble/universe amd64 libx265-199 amd64 3.5-2build1 [1226 kB]
#8 33.78 Get:104 http://archive.ubuntu.com/ubuntu noble/universe amd64 libxvidcore4 amd64 2:1.3.7-1build1 [219 kB]
#8 33.83 Get:105 http://archive.ubuntu.com/ubuntu noble/universe amd64 libzvbi-common all 0.2.42-2 [42.4 kB]
#8 33.83 Get:106 http://archive.ubuntu.com/ubuntu noble/universe amd64 libzvbi0t64 amd64 0.2.42-2 [261 kB]
#8 33.88 Get:107 http://archive.ubuntu.com/ubuntu noble/universe amd64 libavcodec60 amd64 7:6.1.1-3ubuntu5 [5851 kB]
#8 34.96 Get:108 http://archive.ubuntu.com/ubuntu noble-updates/main amd64 libasound2-data all 1.2.11-1ubuntu0.2 [21.3 kB]
#8 34.96 Get:109 http://archive.ubuntu.com/ubuntu noble-updates/main amd64 libasound2t64 amd64 1.2.11-1ubuntu0.2 [398 kB]
#8 35.10 Get:110 http://archive.ubuntu.com/ubuntu noble/main amd64 libraw1394-11 amd64 2.1.2-2build3 [26.2 kB]
#8 35.11 Get:111 http://archive.ubuntu.com/ubuntu noble/main amd64 libavc1394-0 amd64 0.5.4-5build3 [15.4 kB]
#8 35.11 Get:112 http://archive.ubuntu.com/ubuntu noble/universe amd64 libunibreak5 amd64 5.1-2build1 [25.0 kB]
#8 35.12 Get:113 http://archive.ubuntu.com/ubuntu noble/universe amd64 libass9 amd64 1:0.17.1-2build1 [104 kB]
#8 35.15 Get:114 http://archive.ubuntu.com/ubuntu noble/universe amd64 libudfread0 amd64 1.1.2-1build1 [19.0 kB]
#8 35.16 Get:115 http://archive.ubuntu.com/ubuntu noble/universe amd64 libbluray2 amd64 1:1.3.4-1build1 [159 kB]
#8 35.20 Get:116 http://archive.ubuntu.com/ubuntu noble/universe amd64 libchromaprint1 amd64 1.5.1-5 [30.5 kB]
#8 35.21 Get:117 http://archive.ubuntu.com/ubuntu noble/universe amd64 libgme0 amd64 0.6.3-7build1 [134 kB]
#8 35.26 Get:118 http://archive.ubuntu.com/ubuntu noble-updates/main amd64 libmpg123-0t64 amd64 1.32.5-1ubuntu1.1 [169 kB]
#8 35.30 Get:119 http://archive.ubuntu.com/ubuntu noble/main amd64 libvorbisfile3 amd64 1.3.7-1build3 [17.1 kB]
#8 35.31 Get:120 http://archive.ubuntu.com/ubuntu noble/universe amd64 libopenmpt0t64 amd64 0.7.3-1.1build3 [647 kB]
#8 35.48 Get:121 http://archive.ubuntu.com/ubuntu noble/main amd64 librabbitmq4 amd64 0.11.0-1build2 [37.4 kB]
#8 35.49 Get:122 http://archive.ubuntu.com/ubuntu noble/universe amd64 libcjson1 amd64 1.7.17-1 [24.8 kB]
#8 35.49 Get:123 http://archive.ubuntu.com/ubuntu noble/universe amd64 libmbedcrypto7t64 amd64 2.28.8-1 [209 kB]
#8 35.52 Get:124 http://archive.ubuntu.com/ubuntu noble/universe amd64 librist4 amd64 0.2.10+dfsg-2 [74.9 kB]
#8 35.54 Get:125 http://archive.ubuntu.com/ubuntu noble/universe amd64 libsrt1.5-gnutls amd64 1.5.3-1build2 [316 kB]
#8 35.60 Get:126 http://archive.ubuntu.com/ubuntu noble-updates/main amd64 libssh-gcrypt-4 amd64 0.10.6-2ubuntu0.4 [225 kB]
#8 35.65 Get:127 http://archive.ubuntu.com/ubuntu noble/universe amd64 libnorm1t64 amd64 1.5.9+dfsg-3.1build1 [154 kB]
#8 35.74 Get:128 http://archive.ubuntu.com/ubuntu noble/universe amd64 libpgm-5.3-0t64 amd64 5.3.128~dfsg-2.1build1 [167 kB]
#8 35.75 Get:129 http://archive.ubuntu.com/ubuntu noble-updates/main amd64 libsodium23 amd64 1.0.18-1ubuntu0.24.04.1 [161 kB]
#8 35.76 Get:130 http://archive.ubuntu.com/ubuntu noble/universe amd64 libzmq5 amd64 4.3.5-1build2 [260 kB]
#8 35.81 Get:131 http://archive.ubuntu.com/ubuntu noble/universe amd64 libavformat60 amd64 7:6.1.1-3ubuntu5 [1153 kB]
#8 36.02 Get:132 http://archive.ubuntu.com/ubuntu noble/universe amd64 libbs2b0 amd64 3.1.0+dfsg-7build1 [10.6 kB]
#8 36.02 Get:133 http://archive.ubuntu.com/ubuntu noble/universe amd64 libflite1 amd64 2.2-6build3 [13.6 MB]
#8 38.26 Get:134 http://archive.ubuntu.com/ubuntu noble/universe amd64 libserd-0-0 amd64 0.32.2-1 [43.6 kB]
#8 38.26 Get:135 http://archive.ubuntu.com/ubuntu noble/universe amd64 libzix-0-0 amd64 0.4.2-2build1 [23.6 kB]
#8 38.27 Get:136 http://archive.ubuntu.com/ubuntu noble/universe amd64 libsord-0-0 amd64 0.16.16-2build1 [15.8 kB]
#8 38.29 Get:137 http://archive.ubuntu.com/ubuntu noble/universe amd64 libsratom-0-0 amd64 0.6.16-1build1 [17.3 kB]
#8 38.29 Get:138 http://archive.ubuntu.com/ubuntu noble/universe amd64 liblilv-0-0 amd64 0.24.22-1build1 [41.0 kB]
#8 38.31 Get:139 http://archive.ubuntu.com/ubuntu noble/universe amd64 libmysofa1 amd64 1.3.2+dfsg-2ubuntu2 [1158 kB]
#8 38.50 Get:140 http://archive.ubuntu.com/ubuntu noble/main amd64 libvulkan1 amd64 1.3.275.0-1build1 [142 kB]
#8 38.53 Get:141 http://archive.ubuntu.com/ubuntu noble/universe amd64 libplacebo338 amd64 6.338.2-2build1 [2654 kB]
#8 38.96 Get:142 http://archive.ubuntu.com/ubuntu noble-updates/main amd64 libblas3 amd64 3.12.0-3build1.1 [238 kB]
#8 ...

#6 [build 1/5] FROM mcr.microsoft.com/dotnet/sdk:10.0@sha256:f061e5a7532b36fa1d1b684857fe1f504ba92115b9934f154643266613c44c62
#6 extracting sha256:aafefd2e136121f56af6253a3d185f26aca8c359cc737538286a962beb1c3c55
#6 extracting sha256:aafefd2e136121f56af6253a3d185f26aca8c359cc737538286a962beb1c3c55 0.2s done
#6 extracting sha256:699f253b0f48345feed00b4c3a110b5c8e51b0dc2acd918f1e9d11516218d0bc
#6 extracting sha256:699f253b0f48345feed00b4c3a110b5c8e51b0dc2acd918f1e9d11516218d0bc 1.9s done
#6 DONE 60.0s

#9 [build 2/5] WORKDIR /src
#9 DONE 1.4s

#5 [internal] load build context
#5 transferring context: 360.95MB 61.2s
#5 transferring context: 404.38MB 66.3s
#5 ...

#8 [runtime 2/4] RUN apt-get update && apt-get install -y --no-install-recommends ffmpeg && rm -rf /var/lib/apt/lists/*
#8 39.03 Get:143 http://archive.ubuntu.com/ubuntu noble-updates/main amd64 libgfortran5 amd64 14.2.0-4ubuntu2~24.04.1 [916 kB]
#8 39.24 Get:144 http://archive.ubuntu.com/ubuntu noble-updates/main amd64 liblapack3 amd64 3.12.0-3build1.1 [2646 kB]
#8 39.74 Get:145 http://archive.ubuntu.com/ubuntu noble/main amd64 libasyncns0 amd64 0.8-6build4 [11.3 kB]
#8 39.75 Get:146 http://archive.ubuntu.com/ubuntu noble/main amd64 libflac12t64 amd64 1.4.3+ds-2.1ubuntu2 [197 kB]
#8 39.82 Get:147 http://archive.ubuntu.com/ubuntu noble-updates/main amd64 libsndfile1 amd64 1.2.2-1ubuntu5.24.04.1 [209 kB]
#8 39.91 Get:148 http://archive.ubuntu.com/ubuntu noble-updates/main amd64 libpulse0 amd64 1:16.1+dfsg1-2ubuntu10.1 [292 kB]
#8 40.01 Get:149 http://archive.ubuntu.com/ubuntu noble/universe amd64 libsphinxbase3t64 amd64 0.8+5prealpha+1-17build2 [126 kB]
#8 40.10 Get:150 http://archive.ubuntu.com/ubuntu noble/universe amd64 libpocketsphinx3 amd64 0.8.0+real5prealpha+1-15ubuntu5 [133 kB]
#8 40.22 Get:151 http://archive.ubuntu.com/ubuntu noble/universe amd64 libpostproc57 amd64 7:6.1.1-3ubuntu5 [49.9 kB]
#8 40.25 Get:152 http://archive.ubuntu.com/ubuntu noble/main amd64 libfftw3-double3 amd64 3.3.10-1ubuntu3 [838 kB]
#8 40.54 Get:153 http://archive.ubuntu.com/ubuntu noble/main amd64 libsamplerate0 amd64 0.2.2-4build1 [1344 kB]
#8 40.84 Get:154 http://archive.ubuntu.com/ubuntu noble/universe amd64 librubberband2 amd64 3.3.0+dfsg-2build1 [130 kB]
#8 40.84 Get:155 http://archive.ubuntu.com/ubuntu noble/universe amd64 libswscale7 amd64 7:6.1.1-3ubuntu5 [193 kB]
#8 40.87 Get:156 http://archive.ubuntu.com/ubuntu noble/universe amd64 libvidstab1.1 amd64 1.1.0-2build1 [38.5 kB]
#8 40.88 Get:157 http://archive.ubuntu.com/ubuntu noble/universe amd64 libzimg2 amd64 3.0.5+ds1-1build1 [254 kB]
#8 40.92 Get:158 http://archive.ubuntu.com/ubuntu noble/universe amd64 libavfilter9 amd64 7:6.1.1-3ubuntu5 [4235 kB]
#8 41.57 Get:159 http://archive.ubuntu.com/ubuntu noble-updates/main amd64 libcaca0 amd64 0.99.beta20-4ubuntu0.1 [209 kB]
#8 41.61 Get:160 http://archive.ubuntu.com/ubuntu noble-updates/main amd64 libcdio19t64 amd64 2.1.0-4.1ubuntu1.2 [62.4 kB]
#8 41.62 Get:161 http://archive.ubuntu.com/ubuntu noble/main amd64 libcdio-cdda2t64 amd64 10.2+2.0.1-1.1build2 [16.5 kB]
#8 41.62 Get:162 http://archive.ubuntu.com/ubuntu noble/main amd64 libcdio-paranoia2t64 amd64 10.2+2.0.1-1.1build2 [16.6 kB]
#8 41.62 Get:163 http://archive.ubuntu.com/ubuntu noble/universe amd64 libdc1394-25 amd64 2.2.6-4build1 [90.1 kB]
#8 41.63 Get:164 http://archive.ubuntu.com/ubuntu noble/main amd64 libglvnd0 amd64 1.7.0-1build1 [69.6 kB]
#8 41.64 Get:165 http://archive.ubuntu.com/ubuntu noble/main amd64 libxcb-glx0 amd64 1.15-1ubuntu2 [24.8 kB]
#8 41.64 Get:166 http://archive.ubuntu.com/ubuntu noble/main amd64 libxcb-present0 amd64 1.15-1ubuntu2 [5676 B]
#8 41.65 Get:167 http://archive.ubuntu.com/ubuntu noble/main amd64 libxcb-xfixes0 amd64 1.15-1ubuntu2 [10.2 kB]
#8 41.68 Get:168 http://archive.ubuntu.com/ubuntu noble/main amd64 libxxf86vm1 amd64 1:1.1.4-1build4 [9282 B]
#8 41.71 Get:169 http://archive.ubuntu.com/ubuntu noble-updates/main amd64 libdrm-amdgpu1 amd64 2.4.125-1ubuntu0.1~24.04.1 [21.4 kB]
#8 41.75 Get:170 http://archive.ubuntu.com/ubuntu noble-updates/main amd64 libllvm20 amd64 1:20.1.2-0ubuntu1~24.04.2 [30.6 MB]
#8 45.84 Get:171 http://archive.ubuntu.com/ubuntu noble/main amd64 libxcb-randr0 amd64 1.15-1ubuntu2 [17.9 kB]
#8 45.84 Get:172 http://archive.ubuntu.com/ubuntu noble/main amd64 libxcb-sync1 amd64 1.15-1ubuntu2 [9312 B]
#8 45.84 Get:173 http://archive.ubuntu.com/ubuntu noble/main amd64 libxshmfence1 amd64 1.3-1build5 [4764 B]
#8 45.84 Get:174 http://archive.ubuntu.com/ubuntu noble-updates/main amd64 mesa-libgallium amd64 25.2.8-0ubuntu0.24.04.1 [10.8 MB]
#8 47.01 Get:175 http://archive.ubuntu.com/ubuntu noble-updates/main amd64 libgbm1 amd64 25.2.8-0ubuntu0.24.04.1 [34.2 kB]
#8 47.01 Get:176 http://archive.ubuntu.com/ubuntu noble-updates/main amd64 libgl1-mesa-dri amd64 25.2.8-0ubuntu0.24.04.1 [37.9 kB]
#8 47.01 Get:177 http://archive.ubuntu.com/ubuntu noble-updates/main amd64 libglx-mesa0 amd64 25.2.8-0ubuntu0.24.04.1 [110 kB]
#8 47.03 Get:178 http://archive.ubuntu.com/ubuntu noble/main amd64 libglx0 amd64 1.7.0-1build1 [38.6 kB]
#8 47.03 Get:179 http://archive.ubuntu.com/ubuntu noble/main amd64 libgl1 amd64 1.7.0-1build1 [102 kB]
#8 47.04 Get:180 http://archive.ubuntu.com/ubuntu noble/main amd64 libiec61883-0 amd64 1.2.0-6build1 [24.5 kB]
#8 47.05 Get:181 http://archive.ubuntu.com/ubuntu noble/main amd64 libjack-jackd2-0 amd64 1.9.21~dfsg-3ubuntu3 [289 kB]
#8 47.08 Get:182 http://archive.ubuntu.com/ubuntu noble/universe amd64 libopenal-data all 1:1.23.1-4build1 [161 kB]
#8 47.09 Get:183 http://archive.ubuntu.com/ubuntu noble/universe amd64 libsndio7.0 amd64 1.9.0-0.3build3 [29.6 kB]
#8 47.13 Get:184 http://archive.ubuntu.com/ubuntu noble/universe amd64 libopenal1 amd64 1:1.23.1-4build1 [540 kB]
#8 47.30 Get:185 http://archive.ubuntu.com/ubuntu noble/main amd64 libdecor-0-0 amd64 0.2.2-1build2 [16.5 kB]
#8 47.30 Get:186 http://archive.ubuntu.com/ubuntu noble/main amd64 libwayland-cursor0 amd64 1.22.0-2.1build1 [10.4 kB]
#8 47.30 Get:187 http://archive.ubuntu.com/ubuntu noble/main amd64 libwayland-egl1 amd64 1.22.0-2.1build1 [5628 B]
#8 47.31 Get:188 http://archive.ubuntu.com/ubuntu noble/main amd64 libxcursor1 amd64 1:1.2.1-1build1 [20.7 kB]
#8 47.31 Get:189 http://archive.ubuntu.com/ubuntu noble/main amd64 libxi6 amd64 2:1.8.1-1build1 [32.4 kB]
#8 47.32 Get:190 http://archive.ubuntu.com/ubuntu noble/main amd64 libxrandr2 amd64 2:1.5.2-2build1 [19.7 kB]
#8 47.33 Get:191 http://archive.ubuntu.com/ubuntu noble/main amd64 x11-common all 1:7.7+23ubuntu3 [21.7 kB]
#8 47.34 Get:192 http://archive.ubuntu.com/ubuntu noble/main amd64 libxss1 amd64 1:1.2.3-1build3 [7204 B]
#8 47.34 Get:193 http://archive.ubuntu.com/ubuntu noble-updates/main amd64 libsdl2-2.0-0 amd64 2.30.0+dfsg-1ubuntu3.1 [686 kB]
#8 47.45 Get:194 http://archive.ubuntu.com/ubuntu noble/main amd64 libxcb-shape0 amd64 1.15-1ubuntu2 [6100 B]
#8 47.47 Get:195 http://archive.ubuntu.com/ubuntu noble/main amd64 libxv1 amd64 2:1.0.11-1.1build1 [10.7 kB]
#8 47.48 Get:196 http://archive.ubuntu.com/ubuntu noble/universe amd64 libavdevice60 amd64 7:6.1.1-3ubuntu5 [82.3 kB]
#8 47.51 Get:197 http://archive.ubuntu.com/ubuntu noble/universe amd64 ffmpeg amd64 7:6.1.1-3ubuntu5 [1879 kB]
#8 49.28 debconf: delaying package configuration, since apt-utils is not installed
#8 ...

#5 [internal] load build context
#5 transferring context: 445.18MB 71.3s done
#5 DONE 71.6s

#8 [runtime 2/4] RUN apt-get update && apt-get install -y --no-install-recommends ffmpeg && rm -rf /var/lib/apt/lists/*
#8 49.72 Fetched 122 MB in 25s (4951 kB/s)
#8 49.95 Selecting previously unselected package libapparmor1:amd64.
#8 49.95 (Reading database ... 
(Reading database ... 5%
(Reading database ... 10%
(Reading database ... 15%
(Reading database ... 20%
(Reading database ... 25%
(Reading database ... 30%
(Reading database ... 35%
(Reading database ... 40%
(Reading database ... 45%
(Reading database ... 50%
(Reading database ... 55%
(Reading database ... 60%
(Reading database ... 65%
(Reading database ... 70%
(Reading database ... 75%
(Reading database ... 80%
(Reading database ... 85%
(Reading database ... 90%
(Reading database ... 95%
(Reading database ... 100%
(Reading database ... 6136 files and directories currently installed.)
#8 49.99 Preparing to unpack .../000-libapparmor1_4.0.1really4.0.1-0ubuntu0.24.04.5_amd64.deb ...
#8 50.05 Unpacking libapparmor1:amd64 (4.0.1really4.0.1-0ubuntu0.24.04.5) ...
#8 50.27 Selecting previously unselected package libbsd0:amd64.
#8 50.27 Preparing to unpack .../001-libbsd0_0.12.1-1build1.1_amd64.deb ...
#8 50.30 Unpacking libbsd0:amd64 (0.12.1-1build1.1) ...
#8 50.52 Selecting previously unselected package libdbus-1-3:amd64.
#8 50.52 Preparing to unpack .../002-libdbus-1-3_1.14.10-4ubuntu4.1_amd64.deb ...
#8 50.56 Unpacking libdbus-1-3:amd64 (1.14.10-4ubuntu4.1) ...
#8 50.78 Selecting previously unselected package libelf1t64:amd64.
#8 50.79 Preparing to unpack .../003-libelf1t64_0.190-1.1ubuntu0.1_amd64.deb ...
#8 50.81 Unpacking libelf1t64:amd64 (0.190-1.1ubuntu0.1) ...
#8 51.02 Selecting previously unselected package libexpat1:amd64.
#8 51.02 Preparing to unpack .../004-libexpat1_2.6.1-2ubuntu0.4_amd64.deb ...
#8 51.05 Unpacking libexpat1:amd64 (2.6.1-2ubuntu0.4) ...
#8 51.25 Selecting previously unselected package libfribidi0:amd64.
#8 51.25 Preparing to unpack .../005-libfribidi0_1.0.13-3build1_amd64.deb ...
#8 51.28 Unpacking libfribidi0:amd64 (1.0.13-3build1) ...
#8 51.49 Selecting previously unselected package libglib2.0-0t64:amd64.
#8 51.49 Preparing to unpack .../006-libglib2.0-0t64_2.80.0-6ubuntu3.8_amd64.deb ...
#8 51.55 Unpacking libglib2.0-0t64:amd64 (2.80.0-6ubuntu3.8) ...
#8 51.85 Selecting previously unselected package libkrb5support0:amd64.
#8 51.85 Preparing to unpack .../007-libkrb5support0_1.20.1-6ubuntu2.6_amd64.deb ...
#8 51.87 Unpacking libkrb5support0:amd64 (1.20.1-6ubuntu2.6) ...
#8 52.09 Selecting previously unselected package libk5crypto3:amd64.
#8 52.09 Preparing to unpack .../008-libk5crypto3_1.20.1-6ubuntu2.6_amd64.deb ...
#8 52.12 Unpacking libk5crypto3:amd64 (1.20.1-6ubuntu2.6) ...
#8 52.35 Selecting previously unselected package libkeyutils1:amd64.
#8 52.35 Preparing to unpack .../009-libkeyutils1_1.6.3-3build1_amd64.deb ...
#8 52.37 Unpacking libkeyutils1:amd64 (1.6.3-3build1) ...
#8 52.57 Selecting previously unselected package libkrb5-3:amd64.
#8 52.58 Preparing to unpack .../010-libkrb5-3_1.20.1-6ubuntu2.6_amd64.deb ...
#8 52.63 Unpacking libkrb5-3:amd64 (1.20.1-6ubuntu2.6) ...
#8 52.86 Selecting previously unselected package libgssapi-krb5-2:amd64.
#8 52.86 Preparing to unpack .../011-libgssapi-krb5-2_1.20.1-6ubuntu2.6_amd64.deb ...
#8 52.88 Unpacking libgssapi-krb5-2:amd64 (1.20.1-6ubuntu2.6) ...
#8 53.07 Selecting previously unselected package libslang2:amd64.
#8 53.07 Preparing to unpack .../012-libslang2_2.3.3-3build2_amd64.deb ...
#8 53.09 Unpacking libslang2:amd64 (2.3.3-3build2) ...
#8 53.31 Selecting previously unselected package libxml2:amd64.
#8 53.31 Preparing to unpack .../013-libxml2_2.9.14+dfsg-1.3ubuntu3.7_amd64.deb ...
#8 53.33 Unpacking libxml2:amd64 (2.9.14+dfsg-1.3ubuntu3.7) ...
#8 53.53 Selecting previously unselected package shared-mime-info.
#8 53.53 Preparing to unpack .../014-shared-mime-info_2.4-4_amd64.deb ...
#8 53.56 Unpacking shared-mime-info (2.4-4) ...
#8 53.77 Selecting previously unselected package xkb-data.
#8 53.77 Preparing to unpack .../015-xkb-data_2.41-2ubuntu1.1_all.deb ...
#8 53.80 Unpacking xkb-data (2.41-2ubuntu1.1) ...
#8 54.15 Selecting previously unselected package libdrm-common.
#8 54.15 Preparing to unpack .../016-libdrm-common_2.4.125-1ubuntu0.1~24.04.1_all.deb ...
#8 54.18 Unpacking libdrm-common (2.4.125-1ubuntu0.1~24.04.1) ...
#8 54.35 Selecting previously unselected package libdrm2:amd64.
#8 54.35 Preparing to unpack .../017-libdrm2_2.4.125-1ubuntu0.1~24.04.1_amd64.deb ...
#8 54.37 Unpacking libdrm2:amd64 (2.4.125-1ubuntu0.1~24.04.1) ...
#8 54.55 Selecting previously unselected package libedit2:amd64.
#8 54.55 Preparing to unpack .../018-libedit2_3.1-20230828-1build1_amd64.deb ...
#8 54.58 Unpacking libedit2:amd64 (3.1-20230828-1build1) ...
#8 54.74 Selecting previously unselected package libnuma1:amd64.
#8 54.75 Preparing to unpack .../019-libnuma1_2.0.18-1ubuntu0.24.04.1_amd64.deb ...
#8 54.76 Unpacking libnuma1:amd64 (2.0.18-1ubuntu0.24.04.1) ...
#8 55.72 Selecting previously unselected package libpng16-16t64:amd64.
#8 55.72 Preparing to unpack .../020-libpng16-16t64_1.6.43-5ubuntu0.5_amd64.deb ...
#8 56.07 Unpacking libpng16-16t64:amd64 (1.6.43-5ubuntu0.5) ...
#8 ...

#10 [build 3/5] COPY src/ .
#10 DONE 4.4s

#8 [runtime 2/4] RUN apt-get update && apt-get install -y --no-install-recommends ffmpeg && rm -rf /var/lib/apt/lists/*
#8 57.05 Selecting previously unselected package libsensors-config.
#8 57.05 Preparing to unpack .../021-libsensors-config_1%3a3.6.0-9build1_all.deb ...
#8 57.09 Unpacking libsensors-config (1:3.6.0-9build1) ...
#8 57.38 Selecting previously unselected package libsensors5:amd64.
#8 57.38 Preparing to unpack .../022-libsensors5_1%3a3.6.0-9build1_amd64.deb ...
#8 57.43 Unpacking libsensors5:amd64 (1:3.6.0-9build1) ...
#8 57.64 Selecting previously unselected package libusb-1.0-0:amd64.
#8 57.65 Preparing to unpack .../023-libusb-1.0-0_2%3a1.0.27-1_amd64.deb ...
#8 57.67 Unpacking libusb-1.0-0:amd64 (2:1.0.27-1) ...
#8 57.87 Selecting previously unselected package libxau6:amd64.
#8 57.87 Preparing to unpack .../024-libxau6_1%3a1.0.9-1build6_amd64.deb ...
#8 57.89 Unpacking libxau6:amd64 (1:1.0.9-1build6) ...
#8 58.09 Selecting previously unselected package libxdmcp6:amd64.
#8 58.09 Preparing to unpack .../025-libxdmcp6_1%3a1.1.3-0ubuntu6_amd64.deb ...
#8 58.11 Unpacking libxdmcp6:amd64 (1:1.1.3-0ubuntu6) ...
#8 58.28 Selecting previously unselected package libxcb1:amd64.
#8 58.28 Preparing to unpack .../026-libxcb1_1.15-1ubuntu2_amd64.deb ...
#8 58.31 Unpacking libxcb1:amd64 (1.15-1ubuntu2) ...
#8 58.47 Selecting previously unselected package libx11-data.
#8 58.47 Preparing to unpack .../027-libx11-data_2%3a1.8.7-1build1_all.deb ...
#8 58.49 Unpacking libx11-data (2:1.8.7-1build1) ...
#8 58.74 Selecting previously unselected package libx11-6:amd64.
#8 58.75 Preparing to unpack .../028-libx11-6_2%3a1.8.7-1build1_amd64.deb ...
#8 58.77 Unpacking libx11-6:amd64 (2:1.8.7-1build1) ...
#8 58.93 Selecting previously unselected package libxext6:amd64.
#8 58.93 Preparing to unpack .../029-libxext6_2%3a1.3.4-1build2_amd64.deb ...
#8 58.95 Unpacking libxext6:amd64 (2:1.3.4-1build2) ...
#8 59.10 Selecting previously unselected package libxkbcommon0:amd64.
#8 59.11 Preparing to unpack .../030-libxkbcommon0_1.6.0-1build1_amd64.deb ...
#8 59.13 Unpacking libxkbcommon0:amd64 (1.6.0-1build1) ...
#8 59.27 Selecting previously unselected package libaom3:amd64.
#8 59.28 Preparing to unpack .../031-libaom3_3.8.2-2ubuntu0.1_amd64.deb ...
#8 59.30 Unpacking libaom3:amd64 (3.8.2-2ubuntu0.1) ...
#8 59.52 Selecting previously unselected package libva2:amd64.
#8 59.52 Preparing to unpack .../032-libva2_2.20.0-2ubuntu0.1_amd64.deb ...
#8 59.54 Unpacking libva2:amd64 (2.20.0-2ubuntu0.1) ...
#8 59.70 Selecting previously unselected package libva-drm2:amd64.
#8 59.71 Preparing to unpack .../033-libva-drm2_2.20.0-2ubuntu0.1_amd64.deb ...
#8 59.73 Unpacking libva-drm2:amd64 (2.20.0-2ubuntu0.1) ...
#8 59.90 Selecting previously unselected package libx11-xcb1:amd64.
#8 59.90 Preparing to unpack .../034-libx11-xcb1_2%3a1.8.7-1build1_amd64.deb ...
#8 59.93 Unpacking libx11-xcb1:amd64 (2:1.8.7-1build1) ...
#8 60.07 Selecting previously unselected package libxcb-dri3-0:amd64.
#8 60.07 Preparing to unpack .../035-libxcb-dri3-0_1.15-1ubuntu2_amd64.deb ...
#8 60.09 Unpacking libxcb-dri3-0:amd64 (1.15-1ubuntu2) ...
#8 60.25 Selecting previously unselected package libxfixes3:amd64.
#8 60.25 Preparing to unpack .../036-libxfixes3_1%3a6.0.0-2build1_amd64.deb ...
#8 60.28 Unpacking libxfixes3:amd64 (1:6.0.0-2build1) ...
#8 60.48 Selecting previously unselected package libva-x11-2:amd64.
#8 60.48 Preparing to unpack .../037-libva-x11-2_2.20.0-2ubuntu0.1_amd64.deb ...
#8 60.51 Unpacking libva-x11-2:amd64 (2.20.0-2ubuntu0.1) ...
#8 60.72 Selecting previously unselected package libvdpau1:amd64.
#8 60.73 Preparing to unpack .../038-libvdpau1_1.5-2build1_amd64.deb ...
#8 60.77 Unpacking libvdpau1:amd64 (1.5-2build1) ...
#8 61.08 Selecting previously unselected package libpciaccess0:amd64.
#8 61.08 Preparing to unpack .../039-libpciaccess0_0.17-3ubuntu0.24.04.2_amd64.deb ...
#8 61.14 Unpacking libpciaccess0:amd64 (0.17-3ubuntu0.24.04.2) ...
#8 61.44 Selecting previously unselected package libdrm-intel1:amd64.
#8 61.45 Preparing to unpack .../040-libdrm-intel1_2.4.125-1ubuntu0.1~24.04.1_amd64.deb ...
#8 61.47 Unpacking libdrm-intel1:amd64 (2.4.125-1ubuntu0.1~24.04.1) ...
#8 61.65 Selecting previously unselected package libwayland-client0:amd64.
#8 61.66 Preparing to unpack .../041-libwayland-client0_1.22.0-2.1build1_amd64.deb ...
#8 61.68 Unpacking libwayland-client0:amd64 (1.22.0-2.1build1) ...
#8 61.86 Selecting previously unselected package libvpl2.
#8 61.86 Preparing to unpack .../042-libvpl2_2023.3.0-1build1_amd64.deb ...
#8 61.89 Unpacking libvpl2 (2023.3.0-1build1) ...
#8 62.09 Selecting previously unselected package ocl-icd-libopencl1:amd64.
#8 62.09 Preparing to unpack .../043-ocl-icd-libopencl1_2.3.2-1build1_amd64.deb ...
#8 62.12 Unpacking ocl-icd-libopencl1:amd64 (2.3.2-1build1) ...
#8 62.32 Selecting previously unselected package libavutil58:amd64.
#8 62.32 Preparing to unpack .../044-libavutil58_7%3a6.1.1-3ubuntu5_amd64.deb ...
#8 62.35 Unpacking libavutil58:amd64 (7:6.1.1-3ubuntu5) ...
#8 62.55 Selecting previously unselected package libbrotli1:amd64.
#8 62.56 Preparing to unpack .../045-libbrotli1_1.1.0-2build2_amd64.deb ...
#8 62.58 Unpacking libbrotli1:amd64 (1.1.0-2build2) ...
#8 62.76 Selecting previously unselected package libfreetype6:amd64.
#8 62.77 Preparing to unpack .../046-libfreetype6_2.13.2+dfsg-1ubuntu0.1_amd64.deb ...
#8 62.79 Unpacking libfreetype6:amd64 (2.13.2+dfsg-1ubuntu0.1) ...
#8 62.93 Selecting previously unselected package fonts-dejavu-mono.
#8 62.93 Preparing to unpack .../047-fonts-dejavu-mono_2.37-8_all.deb ...
#8 62.96 Unpacking fonts-dejavu-mono (2.37-8) ...
#8 63.17 Selecting previously unselected package fonts-dejavu-core.
#8 63.18 Preparing to unpack .../048-fonts-dejavu-core_2.37-8_all.deb ...
#8 63.23 Unpacking fonts-dejavu-core (2.37-8) ...
#8 63.44 Selecting previously unselected package fontconfig-config.
#8 63.44 Preparing to unpack .../049-fontconfig-config_2.15.0-1.1ubuntu2_amd64.deb ...
#8 63.86 Unpacking fontconfig-config (2.15.0-1.1ubuntu2) ...
#8 64.08 Selecting previously unselected package libfontconfig1:amd64.
#8 64.08 Preparing to unpack .../050-libfontconfig1_2.15.0-1.1ubuntu2_amd64.deb ...
#8 64.11 Unpacking libfontconfig1:amd64 (2.15.0-1.1ubuntu2) ...
#8 64.38 Selecting previously unselected package libpixman-1-0:amd64.
#8 64.38 Preparing to unpack .../051-libpixman-1-0_0.42.2-1build1_amd64.deb ...
#8 64.40 Unpacking libpixman-1-0:amd64 (0.42.2-1build1) ...
#8 64.73 Selecting previously unselected package libxcb-render0:amd64.
#8 64.73 Preparing to unpack .../052-libxcb-render0_1.15-1ubuntu2_amd64.deb ...
#8 64.77 Unpacking libxcb-render0:amd64 (1.15-1ubuntu2) ...
#8 65.07 Selecting previously unselected package libxcb-shm0:amd64.
#8 65.08 Preparing to unpack .../053-libxcb-shm0_1.15-1ubuntu2_amd64.deb ...
#8 65.11 Unpacking libxcb-shm0:amd64 (1.15-1ubuntu2) ...
#8 65.66 Selecting previously unselected package libxrender1:amd64.
#8 65.66 Preparing to unpack .../054-libxrender1_1%3a0.9.10-1.1build1_amd64.deb ...
#8 65.69 Unpacking libxrender1:amd64 (1:0.9.10-1.1build1) ...
#8 66.00 Selecting previously unselected package libcairo2:amd64.
#8 66.01 Preparing to unpack .../055-libcairo2_1.18.0-3build1_amd64.deb ...
#8 66.04 Unpacking libcairo2:amd64 (1.18.0-3build1) ...
#8 66.40 Selecting previously unselected package libcodec2-1.2:amd64.
#8 66.40 Preparing to unpack .../056-libcodec2-1.2_1.2.0-2build1_amd64.deb ...
#8 66.45 Unpacking libcodec2-1.2:amd64 (1.2.0-2build1) ...
#8 66.94 Selecting previously unselected package libdav1d7:amd64.
#8 66.95 Preparing to unpack .../057-libdav1d7_1.4.1-1build1_amd64.deb ...
#8 66.99 Unpacking libdav1d7:amd64 (1.4.1-1build1) ...
#8 ...

#11 [build 4/5] RUN dotnet restore MeetingMinutes.Web/MeetingMinutes.Web.csproj
#11 2.488   Determining projects to restore...
#11 ...

#8 [runtime 2/4] RUN apt-get update && apt-get install -y --no-install-recommends ffmpeg && rm -rf /var/lib/apt/lists/*
#8 67.26 Selecting previously unselected package libgsm1:amd64.
#8 67.26 Preparing to unpack .../058-libgsm1_1.0.22-1build1_amd64.deb ...
#8 67.30 Unpacking libgsm1:amd64 (1.0.22-1build1) ...
#8 67.56 Selecting previously unselected package libhwy1t64:amd64.
#8 67.56 Preparing to unpack .../059-libhwy1t64_1.0.7-8.1build1_amd64.deb ...
#8 67.60 Unpacking libhwy1t64:amd64 (1.0.7-8.1build1) ...
#8 67.90 Selecting previously unselected package liblcms2-2:amd64.
#8 67.90 Preparing to unpack .../060-liblcms2-2_2.14-2build1_amd64.deb ...
#8 67.93 Unpacking liblcms2-2:amd64 (2.14-2build1) ...
#8 68.18 Selecting previously unselected package libjxl0.7:amd64.
#8 68.19 Preparing to unpack .../061-libjxl0.7_0.7.0-10.2ubuntu6.1_amd64.deb ...
#8 68.22 Unpacking libjxl0.7:amd64 (0.7.0-10.2ubuntu6.1) ...
#8 68.64 Selecting previously unselected package libmp3lame0:amd64.
#8 68.65 Preparing to unpack .../062-libmp3lame0_3.100-6build1_amd64.deb ...
#8 68.69 Unpacking libmp3lame0:amd64 (3.100-6build1) ...
#8 68.95 Selecting previously unselected package libopenjp2-7:amd64.
#8 68.95 Preparing to unpack .../063-libopenjp2-7_2.5.0-2ubuntu0.4_amd64.deb ...
#8 68.99 Unpacking libopenjp2-7:amd64 (2.5.0-2ubuntu0.4) ...
#8 69.38 Selecting previously unselected package libopus0:amd64.
#8 69.38 Preparing to unpack .../064-libopus0_1.4-1build1_amd64.deb ...
#8 69.48 Unpacking libopus0:amd64 (1.4-1build1) ...
#8 69.96 Selecting previously unselected package librav1e0:amd64.
#8 69.96 Preparing to unpack .../065-librav1e0_0.7.1-2_amd64.deb ...
#8 70.01 Unpacking librav1e0:amd64 (0.7.1-2) ...
#8 70.42 Selecting previously unselected package libcairo-gobject2:amd64.
#8 70.43 Preparing to unpack .../066-libcairo-gobject2_1.18.0-3build1_amd64.deb ...
#8 70.47 Unpacking libcairo-gobject2:amd64 (1.18.0-3build1) ...
#8 70.76 Selecting previously unselected package libgdk-pixbuf2.0-common.
#8 70.76 Preparing to unpack .../067-libgdk-pixbuf2.0-common_2.42.10+dfsg-3ubuntu3.2_all.deb ...
#8 70.82 Unpacking libgdk-pixbuf2.0-common (2.42.10+dfsg-3ubuntu3.2) ...
#8 71.24 Selecting previously unselected package libjpeg-turbo8:amd64.
#8 71.25 Preparing to unpack .../068-libjpeg-turbo8_2.1.5-2ubuntu2_amd64.deb ...
#8 71.30 Unpacking libjpeg-turbo8:amd64 (2.1.5-2ubuntu2) ...
#8 71.65 Selecting previously unselected package libjpeg8:amd64.
#8 71.65 Preparing to unpack .../069-libjpeg8_8c-2ubuntu11_amd64.deb ...
#8 71.69 Unpacking libjpeg8:amd64 (8c-2ubuntu11) ...
#8 72.35 Selecting previously unselected package libdeflate0:amd64.
#8 72.36 Preparing to unpack .../070-libdeflate0_1.19-1build1.1_amd64.deb ...
#8 72.46 Unpacking libdeflate0:amd64 (1.19-1build1.1) ...
#8 73.19 Selecting previously unselected package libjbig0:amd64.
#8 73.19 Preparing to unpack .../071-libjbig0_2.1-6.1ubuntu2_amd64.deb ...
#8 73.34 Unpacking libjbig0:amd64 (2.1-6.1ubuntu2) ...
#8 74.18 Selecting previously unselected package liblerc4:amd64.
#8 74.20 Preparing to unpack .../072-liblerc4_4.0.0+ds-4ubuntu2_amd64.deb ...
#8 74.35 Unpacking liblerc4:amd64 (4.0.0+ds-4ubuntu2) ...
#8 74.76 Selecting previously unselected package libsharpyuv0:amd64.
#8 74.76 Preparing to unpack .../073-libsharpyuv0_1.3.2-0.4build3_amd64.deb ...
#8 74.85 Unpacking libsharpyuv0:amd64 (1.3.2-0.4build3) ...
#8 75.30 Selecting previously unselected package libwebp7:amd64.
#8 75.30 Preparing to unpack .../074-libwebp7_1.3.2-0.4build3_amd64.deb ...
#8 75.36 Unpacking libwebp7:amd64 (1.3.2-0.4build3) ...
#8 75.79 Selecting previously unselected package libtiff6:amd64.
#8 75.80 Preparing to unpack .../075-libtiff6_4.5.1+git230720-4ubuntu2.5_amd64.deb ...
#8 75.84 Unpacking libtiff6:amd64 (4.5.1+git230720-4ubuntu2.5) ...
#8 76.41 Selecting previously unselected package libgdk-pixbuf-2.0-0:amd64.
#8 76.42 Preparing to unpack .../076-libgdk-pixbuf-2.0-0_2.42.10+dfsg-3ubuntu3.2_amd64.deb ...
#8 76.47 Unpacking libgdk-pixbuf-2.0-0:amd64 (2.42.10+dfsg-3ubuntu3.2) ...
#8 76.92 Selecting previously unselected package fontconfig.
#8 76.92 Preparing to unpack .../077-fontconfig_2.15.0-1.1ubuntu2_amd64.deb ...
#8 76.98 Unpacking fontconfig (2.15.0-1.1ubuntu2) ...
#8 77.38 Selecting previously unselected package libgraphite2-3:amd64.
#8 77.39 Preparing to unpack .../078-libgraphite2-3_1.3.14-2build1_amd64.deb ...
#8 77.41 Unpacking libgraphite2-3:amd64 (1.3.14-2build1) ...
#8 77.73 Selecting previously unselected package libharfbuzz0b:amd64.
#8 77.73 Preparing to unpack .../079-libharfbuzz0b_8.3.0-2build2_amd64.deb ...
#8 77.78 Unpacking libharfbuzz0b:amd64 (8.3.0-2build2) ...
#8 78.13 Selecting previously unselected package libthai-data.
#8 78.13 Preparing to unpack .../080-libthai-data_0.1.29-2build1_all.deb ...
#8 78.17 Unpacking libthai-data (0.1.29-2build1) ...
#8 78.51 Selecting previously unselected package libdatrie1:amd64.
#8 78.51 Preparing to unpack .../081-libdatrie1_0.2.13-3build1_amd64.deb ...
#8 78.55 Unpacking libdatrie1:amd64 (0.2.13-3build1) ...
#8 79.25 Selecting previously unselected package libthai0:amd64.
#8 79.25 Preparing to unpack .../082-libthai0_0.1.29-2build1_amd64.deb ...
#8 79.38 Unpacking libthai0:amd64 (0.1.29-2build1) ...
#8 79.87 Selecting previously unselected package libpango-1.0-0:amd64.
#8 79.89 Preparing to unpack .../083-libpango-1.0-0_1.52.1+ds-1build1_amd64.deb ...
#8 80.07 Unpacking libpango-1.0-0:amd64 (1.52.1+ds-1build1) ...
#8 80.57 Selecting previously unselected package libpangoft2-1.0-0:amd64.
#8 80.57 Preparing to unpack .../084-libpangoft2-1.0-0_1.52.1+ds-1build1_amd64.deb ...
#8 80.62 Unpacking libpangoft2-1.0-0:amd64 (1.52.1+ds-1build1) ...
#8 ...

#11 [build 4/5] RUN dotnet restore MeetingMinutes.Web/MeetingMinutes.Web.csproj
#11 23.83   Restored /src/MeetingMinutes.Shared/MeetingMinutes.Shared.csproj (in 18.33 sec).
#11 24.19   Restored /src/MeetingMinutes.ServiceDefaults/MeetingMinutes.ServiceDefaults.csproj (in 18.73 sec).
#11 ...

#8 [runtime 2/4] RUN apt-get update && apt-get install -y --no-install-recommends ffmpeg && rm -rf /var/lib/apt/lists/*
#8 80.92 Selecting previously unselected package libpangocairo-1.0-0:amd64.
#8 80.92 Preparing to unpack .../085-libpangocairo-1.0-0_1.52.1+ds-1build1_amd64.deb ...
#8 80.95 Unpacking libpangocairo-1.0-0:amd64 (1.52.1+ds-1build1) ...
#8 81.17 Selecting previously unselected package librsvg2-2:amd64.
#8 81.17 Preparing to unpack .../086-librsvg2-2_2.58.0+dfsg-1build1_amd64.deb ...
#8 81.19 Unpacking librsvg2-2:amd64 (2.58.0+dfsg-1build1) ...
#8 81.62 Selecting previously unselected package libshine3:amd64.
#8 81.62 Preparing to unpack .../087-libshine3_3.1.1-2build1_amd64.deb ...
#8 81.64 Unpacking libshine3:amd64 (3.1.1-2build1) ...
#8 81.81 Selecting previously unselected package libsnappy1v5:amd64.
#8 81.82 Preparing to unpack .../088-libsnappy1v5_1.1.10-1build1_amd64.deb ...
#8 81.84 Unpacking libsnappy1v5:amd64 (1.1.10-1build1) ...
#8 82.01 Selecting previously unselected package libspeex1:amd64.
#8 82.02 Preparing to unpack .../089-libspeex1_1.2.1-2ubuntu2.24.04.1_amd64.deb ...
#8 82.04 Unpacking libspeex1:amd64 (1.2.1-2ubuntu2.24.04.1) ...
#8 82.22 Selecting previously unselected package libsvtav1enc1d1:amd64.
#8 82.22 Preparing to unpack .../090-libsvtav1enc1d1_1.7.0+dfsg-2build1_amd64.deb ...
#8 82.24 Unpacking libsvtav1enc1d1:amd64 (1.7.0+dfsg-2build1) ...
#8 82.55 Selecting previously unselected package libgomp1:amd64.
#8 82.55 Preparing to unpack .../091-libgomp1_14.2.0-4ubuntu2~24.04.1_amd64.deb ...
#8 82.58 Unpacking libgomp1:amd64 (14.2.0-4ubuntu2~24.04.1) ...
#8 82.76 Selecting previously unselected package libsoxr0:amd64.
#8 82.77 Preparing to unpack .../092-libsoxr0_0.1.3-4build3_amd64.deb ...
#8 82.79 Unpacking libsoxr0:amd64 (0.1.3-4build3) ...
#8 83.00 Selecting previously unselected package libswresample4:amd64.
#8 83.00 Preparing to unpack .../093-libswresample4_7%3a6.1.1-3ubuntu5_amd64.deb ...
#8 83.03 Unpacking libswresample4:amd64 (7:6.1.1-3ubuntu5) ...
#8 83.24 Selecting previously unselected package libogg0:amd64.
#8 83.25 Preparing to unpack .../094-libogg0_1.3.5-3build1_amd64.deb ...
#8 83.28 Unpacking libogg0:amd64 (1.3.5-3build1) ...
#8 83.49 Selecting previously unselected package libtheora0:amd64.
#8 83.50 Preparing to unpack .../095-libtheora0_1.1.1+dfsg.1-16.1build3_amd64.deb ...
#8 83.52 Unpacking libtheora0:amd64 (1.1.1+dfsg.1-16.1build3) ...
#8 83.75 Selecting previously unselected package libtwolame0:amd64.
#8 83.75 Preparing to unpack .../096-libtwolame0_0.4.0-2build3_amd64.deb ...
#8 83.78 Unpacking libtwolame0:amd64 (0.4.0-2build3) ...
#8 83.97 Selecting previously unselected package libvorbis0a:amd64.
#8 83.97 Preparing to unpack .../097-libvorbis0a_1.3.7-1build3_amd64.deb ...
#8 84.00 Unpacking libvorbis0a:amd64 (1.3.7-1build3) ...
#8 84.22 Selecting previously unselected package libvorbisenc2:amd64.
#8 84.22 Preparing to unpack .../098-libvorbisenc2_1.3.7-1build3_amd64.deb ...
#8 84.24 Unpacking libvorbisenc2:amd64 (1.3.7-1build3) ...
#8 84.44 Selecting previously unselected package libvpx9:amd64.
#8 84.44 Preparing to unpack .../099-libvpx9_1.14.0-1ubuntu2.3_amd64.deb ...
#8 84.46 Unpacking libvpx9:amd64 (1.14.0-1ubuntu2.3) ...
#8 84.93 Selecting previously unselected package libwebpmux3:amd64.
#8 84.94 Preparing to unpack .../100-libwebpmux3_1.3.2-0.4build3_amd64.deb ...
#8 85.05 Unpacking libwebpmux3:amd64 (1.3.2-0.4build3) ...
#8 85.36 Selecting previously unselected package libx264-164:amd64.
#8 85.36 Preparing to unpack .../101-libx264-164_2%3a0.164.3108+git31e19f9-1_amd64.deb ...
#8 85.39 Unpacking libx264-164:amd64 (2:0.164.3108+git31e19f9-1) ...
#8 85.71 Selecting previously unselected package libx265-199:amd64.
#8 85.71 Preparing to unpack .../102-libx265-199_3.5-2build1_amd64.deb ...
#8 85.75 Unpacking libx265-199:amd64 (3.5-2build1) ...
#8 86.37 Selecting previously unselected package libxvidcore4:amd64.
#8 86.38 Preparing to unpack .../103-libxvidcore4_2%3a1.3.7-1build1_amd64.deb ...
#8 86.42 Unpacking libxvidcore4:amd64 (2:1.3.7-1build1) ...
#8 86.64 Selecting previously unselected package libzvbi-common.
#8 86.65 Preparing to unpack .../104-libzvbi-common_0.2.42-2_all.deb ...
#8 86.68 Unpacking libzvbi-common (0.2.42-2) ...
#8 86.98 Selecting previously unselected package libzvbi0t64:amd64.
#8 86.99 Preparing to unpack .../105-libzvbi0t64_0.2.42-2_amd64.deb ...
#8 87.02 Unpacking libzvbi0t64:amd64 (0.2.42-2) ...
#8 87.32 Selecting previously unselected package libavcodec60:amd64.
#8 87.32 Preparing to unpack .../106-libavcodec60_7%3a6.1.1-3ubuntu5_amd64.deb ...
#8 87.37 Unpacking libavcodec60:amd64 (7:6.1.1-3ubuntu5) ...
#8 87.99 Selecting previously unselected package libasound2-data.
#8 88.00 Preparing to unpack .../107-libasound2-data_1.2.11-1ubuntu0.2_all.deb ...
#8 88.03 Unpacking libasound2-data (1.2.11-1ubuntu0.2) ...
#8 88.34 Selecting previously unselected package libasound2t64:amd64.
#8 88.34 Preparing to unpack .../108-libasound2t64_1.2.11-1ubuntu0.2_amd64.deb ...
#8 88.36 Unpacking libasound2t64:amd64 (1.2.11-1ubuntu0.2) ...
#8 88.53 Selecting previously unselected package libraw1394-11:amd64.
#8 88.53 Preparing to unpack .../109-libraw1394-11_2.1.2-2build3_amd64.deb ...
#8 88.55 Unpacking libraw1394-11:amd64 (2.1.2-2build3) ...
#8 88.71 Selecting previously unselected package libavc1394-0:amd64.
#8 88.71 Preparing to unpack .../110-libavc1394-0_0.5.4-5build3_amd64.deb ...
#8 88.73 Unpacking libavc1394-0:amd64 (0.5.4-5build3) ...
#8 88.90 Selecting previously unselected package libunibreak5:amd64.
#8 88.90 Preparing to unpack .../111-libunibreak5_5.1-2build1_amd64.deb ...
#8 88.92 Unpacking libunibreak5:amd64 (5.1-2build1) ...
#8 89.10 Selecting previously unselected package libass9:amd64.
#8 89.10 Preparing to unpack .../112-libass9_1%3a0.17.1-2build1_amd64.deb ...
#8 89.13 Unpacking libass9:amd64 (1:0.17.1-2build1) ...
#8 89.30 Selecting previously unselected package libudfread0:amd64.
#8 89.30 Preparing to unpack .../113-libudfread0_1.1.2-1build1_amd64.deb ...
#8 89.32 Unpacking libudfread0:amd64 (1.1.2-1build1) ...
#8 89.48 Selecting previously unselected package libbluray2:amd64.
#8 89.49 Preparing to unpack .../114-libbluray2_1%3a1.3.4-1build1_amd64.deb ...
#8 89.52 Unpacking libbluray2:amd64 (1:1.3.4-1build1) ...
#8 89.67 Selecting previously unselected package libchromaprint1:amd64.
#8 89.68 Preparing to unpack .../115-libchromaprint1_1.5.1-5_amd64.deb ...
#8 89.70 Unpacking libchromaprint1:amd64 (1.5.1-5) ...
#8 89.85 Selecting previously unselected package libgme0:amd64.
#8 89.85 Preparing to unpack .../116-libgme0_0.6.3-7build1_amd64.deb ...
#8 89.88 Unpacking libgme0:amd64 (0.6.3-7build1) ...
#8 90.05 Selecting previously unselected package libmpg123-0t64:amd64.
#8 90.05 Preparing to unpack .../117-libmpg123-0t64_1.32.5-1ubuntu1.1_amd64.deb ...
#8 90.07 Unpacking libmpg123-0t64:amd64 (1.32.5-1ubuntu1.1) ...
#8 90.31 Selecting previously unselected package libvorbisfile3:amd64.
#8 90.32 Preparing to unpack .../118-libvorbisfile3_1.3.7-1build3_amd64.deb ...
#8 90.35 Unpacking libvorbisfile3:amd64 (1.3.7-1build3) ...
#8 90.60 Selecting previously unselected package libopenmpt0t64:amd64.
#8 90.60 Preparing to unpack .../119-libopenmpt0t64_0.7.3-1.1build3_amd64.deb ...
#8 90.64 Unpacking libopenmpt0t64:amd64 (0.7.3-1.1build3) ...
#8 90.89 Selecting previously unselected package librabbitmq4:amd64.
#8 90.89 Preparing to unpack .../120-librabbitmq4_0.11.0-1build2_amd64.deb ...
#8 90.92 Unpacking librabbitmq4:amd64 (0.11.0-1build2) ...
#8 91.14 Selecting previously unselected package libcjson1:amd64.
#8 91.14 Preparing to unpack .../121-libcjson1_1.7.17-1_amd64.deb ...
#8 91.17 Unpacking libcjson1:amd64 (1.7.17-1) ...
#8 91.36 Selecting previously unselected package libmbedcrypto7t64:amd64.
#8 91.36 Preparing to unpack .../122-libmbedcrypto7t64_2.28.8-1_amd64.deb ...
#8 91.39 Unpacking libmbedcrypto7t64:amd64 (2.28.8-1) ...
#8 ...

#11 [build 4/5] RUN dotnet restore MeetingMinutes.Web/MeetingMinutes.Web.csproj
#11 34.58   Restored /src/MeetingMinutes.Web/MeetingMinutes.Web.csproj (in 29.14 sec).
#11 DONE 35.7s

#12 [build 5/5] RUN dotnet publish MeetingMinutes.Web/MeetingMinutes.Web.csproj -c Release -o /app/publish --no-restore
#12 ...

#8 [runtime 2/4] RUN apt-get update && apt-get install -y --no-install-recommends ffmpeg && rm -rf /var/lib/apt/lists/*
#8 91.57 Selecting previously unselected package librist4:amd64.
#8 91.57 Preparing to unpack .../123-librist4_0.2.10+dfsg-2_amd64.deb ...
#8 91.59 Unpacking librist4:amd64 (0.2.10+dfsg-2) ...
#8 92.12 Selecting previously unselected package libsrt1.5-gnutls:amd64.
#8 92.12 Preparing to unpack .../124-libsrt1.5-gnutls_1.5.3-1build2_amd64.deb ...
#8 92.57 Unpacking libsrt1.5-gnutls:amd64 (1.5.3-1build2) ...
#8 92.84 Selecting previously unselected package libssh-gcrypt-4:amd64.
#8 92.84 Preparing to unpack .../125-libssh-gcrypt-4_0.10.6-2ubuntu0.4_amd64.deb ...
#8 92.88 Unpacking libssh-gcrypt-4:amd64 (0.10.6-2ubuntu0.4) ...
#8 93.09 Selecting previously unselected package libnorm1t64:amd64.
#8 93.10 Preparing to unpack .../126-libnorm1t64_1.5.9+dfsg-3.1build1_amd64.deb ...
#8 93.12 Unpacking libnorm1t64:amd64 (1.5.9+dfsg-3.1build1) ...
#8 93.28 Selecting previously unselected package libpgm-5.3-0t64:amd64.
#8 93.29 Preparing to unpack .../127-libpgm-5.3-0t64_5.3.128~dfsg-2.1build1_amd64.deb ...
#8 93.31 Unpacking libpgm-5.3-0t64:amd64 (5.3.128~dfsg-2.1build1) ...
#8 93.49 Selecting previously unselected package libsodium23:amd64.
#8 93.49 Preparing to unpack .../128-libsodium23_1.0.18-1ubuntu0.24.04.1_amd64.deb ...
#8 93.51 Unpacking libsodium23:amd64 (1.0.18-1ubuntu0.24.04.1) ...
#8 93.66 Selecting previously unselected package libzmq5:amd64.
#8 93.66 Preparing to unpack .../129-libzmq5_4.3.5-1build2_amd64.deb ...
#8 93.68 Unpacking libzmq5:amd64 (4.3.5-1build2) ...
#8 93.82 Selecting previously unselected package libavformat60:amd64.
#8 93.82 Preparing to unpack .../130-libavformat60_7%3a6.1.1-3ubuntu5_amd64.deb ...
#8 93.84 Unpacking libavformat60:amd64 (7:6.1.1-3ubuntu5) ...
#8 94.00 Selecting previously unselected package libbs2b0:amd64.
#8 94.00 Preparing to unpack .../131-libbs2b0_3.1.0+dfsg-7build1_amd64.deb ...
#8 94.03 Unpacking libbs2b0:amd64 (3.1.0+dfsg-7build1) ...
#8 94.18 Selecting previously unselected package libflite1:amd64.
#8 94.18 Preparing to unpack .../132-libflite1_2.2-6build3_amd64.deb ...
#8 94.20 Unpacking libflite1:amd64 (2.2-6build3) ...
#8 94.73 Selecting previously unselected package libserd-0-0:amd64.
#8 94.74 Preparing to unpack .../133-libserd-0-0_0.32.2-1_amd64.deb ...
#8 94.77 Unpacking libserd-0-0:amd64 (0.32.2-1) ...
#8 94.93 Selecting previously unselected package libzix-0-0:amd64.
#8 94.93 Preparing to unpack .../134-libzix-0-0_0.4.2-2build1_amd64.deb ...
#8 94.95 Unpacking libzix-0-0:amd64 (0.4.2-2build1) ...
#8 95.10 Selecting previously unselected package libsord-0-0:amd64.
#8 95.10 Preparing to unpack .../135-libsord-0-0_0.16.16-2build1_amd64.deb ...
#8 95.12 Unpacking libsord-0-0:amd64 (0.16.16-2build1) ...
#8 95.28 Selecting previously unselected package libsratom-0-0:amd64.
#8 95.28 Preparing to unpack .../136-libsratom-0-0_0.6.16-1build1_amd64.deb ...
#8 95.32 Unpacking libsratom-0-0:amd64 (0.6.16-1build1) ...
#8 95.50 Selecting previously unselected package liblilv-0-0:amd64.
#8 95.50 Preparing to unpack .../137-liblilv-0-0_0.24.22-1build1_amd64.deb ...
#8 95.52 Unpacking liblilv-0-0:amd64 (0.24.22-1build1) ...
#8 95.69 Selecting previously unselected package libmysofa1:amd64.
#8 95.69 Preparing to unpack .../138-libmysofa1_1.3.2+dfsg-2ubuntu2_amd64.deb ...
#8 95.72 Unpacking libmysofa1:amd64 (1.3.2+dfsg-2ubuntu2) ...
#8 95.98 Selecting previously unselected package libvulkan1:amd64.
#8 95.98 Preparing to unpack .../139-libvulkan1_1.3.275.0-1build1_amd64.deb ...
#8 96.01 Unpacking libvulkan1:amd64 (1.3.275.0-1build1) ...
#8 96.27 Selecting previously unselected package libplacebo338:amd64.
#8 96.27 Preparing to unpack .../140-libplacebo338_6.338.2-2build1_amd64.deb ...
#8 96.30 Unpacking libplacebo338:amd64 (6.338.2-2build1) ...
#8 96.72 Selecting previously unselected package libblas3:amd64.
#8 96.73 Preparing to unpack .../141-libblas3_3.12.0-3build1.1_amd64.deb ...
#8 96.75 Unpacking libblas3:amd64 (3.12.0-3build1.1) ...
#8 96.93 Selecting previously unselected package libgfortran5:amd64.
#8 96.94 Preparing to unpack .../142-libgfortran5_14.2.0-4ubuntu2~24.04.1_amd64.deb ...
#8 96.96 Unpacking libgfortran5:amd64 (14.2.0-4ubuntu2~24.04.1) ...
#8 97.21 Selecting previously unselected package liblapack3:amd64.
#8 97.22 Preparing to unpack .../143-liblapack3_3.12.0-3build1.1_amd64.deb ...
#8 97.24 Unpacking liblapack3:amd64 (3.12.0-3build1.1) ...
#8 97.52 Selecting previously unselected package libasyncns0:amd64.
#8 97.53 Preparing to unpack .../144-libasyncns0_0.8-6build4_amd64.deb ...
#8 97.55 Unpacking libasyncns0:amd64 (0.8-6build4) ...
#8 97.73 Selecting previously unselected package libflac12t64:amd64.
#8 97.73 Preparing to unpack .../145-libflac12t64_1.4.3+ds-2.1ubuntu2_amd64.deb ...
#8 97.75 Unpacking libflac12t64:amd64 (1.4.3+ds-2.1ubuntu2) ...
#8 97.98 Selecting previously unselected package libsndfile1:amd64.
#8 97.99 Preparing to unpack .../146-libsndfile1_1.2.2-1ubuntu5.24.04.1_amd64.deb ...
#8 98.03 Unpacking libsndfile1:amd64 (1.2.2-1ubuntu5.24.04.1) ...
#8 98.42 Selecting previously unselected package libpulse0:amd64.
#8 98.42 Preparing to unpack .../147-libpulse0_1%3a16.1+dfsg1-2ubuntu10.1_amd64.deb ...
#8 98.48 Unpacking libpulse0:amd64 (1:16.1+dfsg1-2ubuntu10.1) ...
#8 98.67 Selecting previously unselected package libsphinxbase3t64:amd64.
#8 98.68 Preparing to unpack .../148-libsphinxbase3t64_0.8+5prealpha+1-17build2_amd64.deb ...
#8 98.70 Unpacking libsphinxbase3t64:amd64 (0.8+5prealpha+1-17build2) ...
#8 98.88 Selecting previously unselected package libpocketsphinx3:amd64.
#8 98.88 Preparing to unpack .../149-libpocketsphinx3_0.8.0+real5prealpha+1-15ubuntu5_amd64.deb ...
#8 98.91 Unpacking libpocketsphinx3:amd64 (0.8.0+real5prealpha+1-15ubuntu5) ...
#8 99.11 Selecting previously unselected package libpostproc57:amd64.
#8 99.11 Preparing to unpack .../150-libpostproc57_7%3a6.1.1-3ubuntu5_amd64.deb ...
#8 99.13 Unpacking libpostproc57:amd64 (7:6.1.1-3ubuntu5) ...
#8 99.28 Selecting previously unselected package libfftw3-double3:amd64.
#8 99.28 Preparing to unpack .../151-libfftw3-double3_3.3.10-1ubuntu3_amd64.deb ...
#8 99.30 Unpacking libfftw3-double3:amd64 (3.3.10-1ubuntu3) ...
#8 99.49 Selecting previously unselected package libsamplerate0:amd64.
#8 99.49 Preparing to unpack .../152-libsamplerate0_0.2.2-4build1_amd64.deb ...
#8 99.52 Unpacking libsamplerate0:amd64 (0.2.2-4build1) ...
#8 99.69 Selecting previously unselected package librubberband2:amd64.
#8 99.69 Preparing to unpack .../153-librubberband2_3.3.0+dfsg-2build1_amd64.deb ...
#8 99.71 Unpacking librubberband2:amd64 (3.3.0+dfsg-2build1) ...
#8 99.87 Selecting previously unselected package libswscale7:amd64.
#8 99.87 Preparing to unpack .../154-libswscale7_7%3a6.1.1-3ubuntu5_amd64.deb ...
#8 99.90 Unpacking libswscale7:amd64 (7:6.1.1-3ubuntu5) ...
#8 100.1 Selecting previously unselected package libvidstab1.1:amd64.
#8 100.1 Preparing to unpack .../155-libvidstab1.1_1.1.0-2build1_amd64.deb ...
#8 100.1 Unpacking libvidstab1.1:amd64 (1.1.0-2build1) ...
#8 100.3 Selecting previously unselected package libzimg2:amd64.
#8 100.3 Preparing to unpack .../156-libzimg2_3.0.5+ds1-1build1_amd64.deb ...
#8 100.3 Unpacking libzimg2:amd64 (3.0.5+ds1-1build1) ...
#8 100.4 Selecting previously unselected package libavfilter9:amd64.
#8 100.4 Preparing to unpack .../157-libavfilter9_7%3a6.1.1-3ubuntu5_amd64.deb ...
#8 100.5 Unpacking libavfilter9:amd64 (7:6.1.1-3ubuntu5) ...
#8 100.8 Selecting previously unselected package libcaca0:amd64.
#8 100.8 Preparing to unpack .../158-libcaca0_0.99.beta20-4ubuntu0.1_amd64.deb ...
#8 100.8 Unpacking libcaca0:amd64 (0.99.beta20-4ubuntu0.1) ...
#8 101.0 Selecting previously unselected package libcdio19t64:amd64.
#8 101.0 Preparing to unpack .../159-libcdio19t64_2.1.0-4.1ubuntu1.2_amd64.deb ...
#8 101.0 Unpacking libcdio19t64:amd64 (2.1.0-4.1ubuntu1.2) ...
#8 101.1 Selecting previously unselected package libcdio-cdda2t64:amd64.
#8 101.1 Preparing to unpack .../160-libcdio-cdda2t64_10.2+2.0.1-1.1build2_amd64.deb ...
#8 101.2 Unpacking libcdio-cdda2t64:amd64 (10.2+2.0.1-1.1build2) ...
#8 101.3 Selecting previously unselected package libcdio-paranoia2t64:amd64.
#8 101.3 Preparing to unpack .../161-libcdio-paranoia2t64_10.2+2.0.1-1.1build2_amd64.deb ...
#8 101.3 Unpacking libcdio-paranoia2t64:amd64 (10.2+2.0.1-1.1build2) ...
#8 101.5 Selecting previously unselected package libdc1394-25:amd64.
#8 101.5 Preparing to unpack .../162-libdc1394-25_2.2.6-4build1_amd64.deb ...
#8 101.5 Unpacking libdc1394-25:amd64 (2.2.6-4build1) ...
#8 101.7 Selecting previously unselected package libglvnd0:amd64.
#8 101.7 Preparing to unpack .../163-libglvnd0_1.7.0-1build1_amd64.deb ...
#8 101.8 Unpacking libglvnd0:amd64 (1.7.0-1build1) ...
#8 102.0 Selecting previously unselected package libxcb-glx0:amd64.
#8 102.0 Preparing to unpack .../164-libxcb-glx0_1.15-1ubuntu2_amd64.deb ...
#8 102.0 Unpacking libxcb-glx0:amd64 (1.15-1ubuntu2) ...
#8 102.2 Selecting previously unselected package libxcb-present0:amd64.
#8 102.2 Preparing to unpack .../165-libxcb-present0_1.15-1ubuntu2_amd64.deb ...
#8 102.2 Unpacking libxcb-present0:amd64 (1.15-1ubuntu2) ...
#8 102.4 Selecting previously unselected package libxcb-xfixes0:amd64.
#8 102.4 Preparing to unpack .../166-libxcb-xfixes0_1.15-1ubuntu2_amd64.deb ...
#8 102.4 Unpacking libxcb-xfixes0:amd64 (1.15-1ubuntu2) ...
#8 102.6 Selecting previously unselected package libxxf86vm1:amd64.
#8 102.6 Preparing to unpack .../167-libxxf86vm1_1%3a1.1.4-1build4_amd64.deb ...
#8 102.7 Unpacking libxxf86vm1:amd64 (1:1.1.4-1build4) ...
#8 102.8 Selecting previously unselected package libdrm-amdgpu1:amd64.
#8 102.8 Preparing to unpack .../168-libdrm-amdgpu1_2.4.125-1ubuntu0.1~24.04.1_amd64.deb ...
#8 102.9 Unpacking libdrm-amdgpu1:amd64 (2.4.125-1ubuntu0.1~24.04.1) ...
#8 103.1 Selecting previously unselected package libllvm20:amd64.
#8 103.1 Preparing to unpack .../169-libllvm20_1%3a20.1.2-0ubuntu1~24.04.2_amd64.deb ...
#8 103.1 Unpacking libllvm20:amd64 (1:20.1.2-0ubuntu1~24.04.2) ...
#8 ...

#12 [build 5/5] RUN dotnet publish MeetingMinutes.Web/MeetingMinutes.Web.csproj -c Release -o /app/publish --no-restore
#12 10.97 /src/MeetingMinutes.Shared/DTOs/JobDto.cs(25,11): warning CS8632: The annotation for nullable reference types should only be used in code within a '#nullable' annotations context. [/src/MeetingMinutes.Shared/MeetingMinutes.Shared.csproj]
#12 10.97 /src/MeetingMinutes.Shared/DTOs/JobDto.cs(26,11): warning CS8632: The annotation for nullable reference types should only be used in code within a '#nullable' annotations context. [/src/MeetingMinutes.Shared/MeetingMinutes.Shared.csproj]
#12 10.97 /src/MeetingMinutes.Shared/DTOs/JobDto.cs(27,11): warning CS8632: The annotation for nullable reference types should only be used in code within a '#nullable' annotations context. [/src/MeetingMinutes.Shared/MeetingMinutes.Shared.csproj]
#12 10.97 /src/MeetingMinutes.Shared/DTOs/JobDto.cs(28,11): warning CS8632: The annotation for nullable reference types should only be used in code within a '#nullable' annotations context. [/src/MeetingMinutes.Shared/MeetingMinutes.Shared.csproj]
#12 10.97 /src/MeetingMinutes.Shared/DTOs/JobDto.cs(29,5): error CS0246: The type or namespace name 'DateTimeOffset' could not be found (are you missing a using directive or an assembly reference?) [/src/MeetingMinutes.Shared/MeetingMinutes.Shared.csproj]
#12 10.97 /src/MeetingMinutes.Shared/DTOs/JobDto.cs(30,5): error CS0246: The type or namespace name 'DateTimeOffset' could not be found (are you missing a using directive or an assembly reference?) [/src/MeetingMinutes.Shared/MeetingMinutes.Shared.csproj]
#12 10.97 /src/MeetingMinutes.Shared/Models/TranscriptResult.cs(21,5): error CS0246: The type or namespace name 'IReadOnlyList<>' could not be found (are you missing a using directive or an assembly reference?) [/src/MeetingMinutes.Shared/MeetingMinutes.Shared.csproj]
#12 10.97 /src/MeetingMinutes.Shared/Entities/ProcessingJob.cs(26,12): error CS0246: The type or namespace name 'DateTimeOffset' could not be found (are you missing a using directive or an assembly reference?) [/src/MeetingMinutes.Shared/MeetingMinutes.Shared.csproj]
#12 10.98 /src/MeetingMinutes.Shared/Entities/AppSettings.cs(26,12): error CS0246: The type or namespace name 'DateTimeOffset' could not be found (are you missing a using directive or an assembly reference?) [/src/MeetingMinutes.Shared/MeetingMinutes.Shared.csproj]
#12 10.98 /src/MeetingMinutes.Shared/Entities/ProcessingJob.cs(32,18): warning CS8632: The annotation for nullable reference types should only be used in code within a '#nullable' annotations context. [/src/MeetingMinutes.Shared/MeetingMinutes.Shared.csproj]
#12 10.98 /src/MeetingMinutes.Shared/Entities/ProcessingJob.cs(33,18): warning CS8632: The annotation for nullable reference types should only be used in code within a '#nullable' annotations context. [/src/MeetingMinutes.Shared/MeetingMinutes.Shared.csproj]
#12 10.98 /src/MeetingMinutes.Shared/Entities/ProcessingJob.cs(34,18): warning CS8632: The annotation for nullable reference types should only be used in code within a '#nullable' annotations context. [/src/MeetingMinutes.Shared/MeetingMinutes.Shared.csproj]
#12 10.98 /src/MeetingMinutes.Shared/Entities/ProcessingJob.cs(35,18): warning CS8632: The annotation for nullable reference types should only be used in code within a '#nullable' annotations context. [/src/MeetingMinutes.Shared/MeetingMinutes.Shared.csproj]
#12 10.98 /src/MeetingMinutes.Shared/Entities/ProcessingJob.cs(36,18): warning CS8632: The annotation for nullable reference types should only be used in code within a '#nullable' annotations context. [/src/MeetingMinutes.Shared/MeetingMinutes.Shared.csproj]
#12 10.98 /src/MeetingMinutes.Shared/Entities/ProcessingJob.cs(37,12): error CS0246: The type or namespace name 'DateTimeOffset' could not be found (are you missing a using directive or an assembly reference?) [/src/MeetingMinutes.Shared/MeetingMinutes.Shared.csproj]
#12 10.98 /src/MeetingMinutes.Shared/Entities/ProcessingJob.cs(38,12): error CS0246: The type or namespace name 'DateTimeOffset' could not be found (are you missing a using directive or an assembly reference?) [/src/MeetingMinutes.Shared/MeetingMinutes.Shared.csproj]
#12 10.98 /src/MeetingMinutes.Shared/Entities/AppSettings.cs(22,28): error CS0738: 'AppSettings' does not implement interface member 'ITableEntity.Timestamp'. 'AppSettings.Timestamp' cannot implement 'ITableEntity.Timestamp' because it does not have the matching return type of 'DateTimeOffset?'. [/src/MeetingMinutes.Shared/MeetingMinutes.Shared.csproj]
#12 10.98 /src/MeetingMinutes.Shared/Entities/ProcessingJob.cs(22,30): error CS0738: 'ProcessingJob' does not implement interface member 'ITableEntity.Timestamp'. 'ProcessingJob.Timestamp' cannot implement 'ITableEntity.Timestamp' because it does not have the matching return type of 'DateTimeOffset?'. [/src/MeetingMinutes.Shared/MeetingMinutes.Shared.csproj]
#12 12.60   MeetingMinutes.ServiceDefaults -> /src/MeetingMinutes.ServiceDefaults/bin/Release/net10.0/MeetingMinutes.ServiceDefaults.dll
#12 ERROR: process "/bin/sh -c dotnet publish MeetingMinutes.Web/MeetingMinutes.Web.csproj -c Release -o /app/publish --no-restore" did not complete successfully: exit code: 1

#8 [runtime 2/4] RUN apt-get update && apt-get install -y --no-install-recommends ffmpeg && rm -rf /var/lib/apt/lists/*
#8 105.2 Selecting previously unselected package libxcb-randr0:amd64.
#8 105.2 Preparing to unpack .../170-libxcb-randr0_1.15-1ubuntu2_amd64.deb ...
#8 105.3 Unpacking libxcb-randr0:amd64 (1.15-1ubuntu2) ...
#8 105.7 Selecting previously unselected package libxcb-sync1:amd64.
#8 105.7 Preparing to unpack .../171-libxcb-sync1_1.15-1ubuntu2_amd64.deb ...
#8 105.9 Unpacking libxcb-sync1:amd64 (1.15-1ubuntu2) ...
#8 CANCELED
------
 > [build 5/5] RUN dotnet publish MeetingMinutes.Web/MeetingMinutes.Web.csproj -c Release -o /app/publish --no-restore:
10.98 /src/MeetingMinutes.Shared/Entities/ProcessingJob.cs(32,18): warning CS8632: The annotation for nullable reference types should only be used in code within a '#nullable' annotations context. [/src/MeetingMinutes.Shared/MeetingMinutes.Shared.csproj]
10.98 /src/MeetingMinutes.Shared/Entities/ProcessingJob.cs(33,18): warning CS8632: The annotation for nullable reference types should only be used in code within a '#nullable' annotations context. [/src/MeetingMinutes.Shared/MeetingMinutes.Shared.csproj]
10.98 /src/MeetingMinutes.Shared/Entities/ProcessingJob.cs(34,18): warning CS8632: The annotation for nullable reference types should only be used in code within a '#nullable' annotations context. [/src/MeetingMinutes.Shared/MeetingMinutes.Shared.csproj]
10.98 /src/MeetingMinutes.Shared/Entities/ProcessingJob.cs(35,18): warning CS8632: The annotation for nullable reference types should only be used in code within a '#nullable' annotations context. [/src/MeetingMinutes.Shared/MeetingMinutes.Shared.csproj]
10.98 /src/MeetingMinutes.Shared/Entities/ProcessingJob.cs(36,18): warning CS8632: The annotation for nullable reference types should only be used in code within a '#nullable' annotations context. [/src/MeetingMinutes.Shared/MeetingMinutes.Shared.csproj]
10.98 /src/MeetingMinutes.Shared/Entities/ProcessingJob.cs(37,12): error CS0246: The type or namespace name 'DateTimeOffset' could not be found (are you missing a using directive or an assembly reference?) [/src/MeetingMinutes.Shared/MeetingMinutes.Shared.csproj]
10.98 /src/MeetingMinutes.Shared/Entities/ProcessingJob.cs(38,12): error CS0246: The type or namespace name 'DateTimeOffset' could not be found (are you missing a using directive or an assembly reference?) [/src/MeetingMinutes.Shared/MeetingMinutes.Shared.csproj]
10.98 /src/MeetingMinutes.Shared/Entities/AppSettings.cs(22,28): error CS0738: 'AppSettings' does not implement interface member 'ITableEntity.Timestamp'. 'AppSettings.Timestamp' cannot implement 'ITableEntity.Timestamp' because it does not have the matching return type of 'DateTimeOffset?'. [/src/MeetingMinutes.Shared/MeetingMinutes.Shared.csproj]
10.98 /src/MeetingMinutes.Shared/Entities/ProcessingJob.cs(22,30): error CS0738: 'ProcessingJob' does not implement interface member 'ITableEntity.Timestamp'. 'ProcessingJob.Timestamp' cannot implement 'ITableEntity.Timestamp' because it does not have the matching return type of 'DateTimeOffset?'. [/src/MeetingMinutes.Shared/MeetingMinutes.Shared.csproj]
12.60   MeetingMinutes.ServiceDefaults -> /src/MeetingMinutes.ServiceDefaults/bin/Release/net10.0/MeetingMinutes.ServiceDefaults.dll
------
Dockerfile:5
--------------------
   3 |     COPY src/ .
   4 |     RUN dotnet restore MeetingMinutes.Web/MeetingMinutes.Web.csproj
   5 | >>> RUN dotnet publish MeetingMinutes.Web/MeetingMinutes.Web.csproj -c Release -o /app/publish --no-restore
   6 |     
   7 |     FROM mcr.microsoft.com/dotnet/aspnet:10.0 AS runtime
--------------------
ERROR: failed to build: failed to solve: process "/bin/sh -c dotnet publish MeetingMinutes.Web/MeetingMinutes.Web.csproj -c Release -o /app/publish --no-restore" did not complete successfully: exit code: 1
